Component: ARM Compiler 5.06 update 6 (build 750) Tool: armlink [4d35ed]

==============================================================================

Section Cross References

    startup_stm32f469xx.o(RESET) refers to startup_stm32f469xx.o(STACK) for __initial_sp
    startup_stm32f469xx.o(RESET) refers to startup_stm32f469xx.o(.text) for Reset_Handler
    startup_stm32f469xx.o(RESET) refers to stm32f4xx_it.o(i.SysTick_Handler) for SysTick_Handler
    startup_stm32f469xx.o(RESET) refers to stm32f4xx_it.o(i.EXTI1_IRQHandler) for EXTI1_IRQHandler
    startup_stm32f469xx.o(RESET) refers to stm32f4xx_it.o(i.I2C1_EV_IRQHandler) for I2C1_EV_IRQHandler
    startup_stm32f469xx.o(RESET) refers to stm32f4xx_it.o(i.USART3_IRQHandler) for USART3_IRQHandler
    startup_stm32f469xx.o(.text) refers to system_stm32f4xx.o(i.SystemInit) for SystemInit
    startup_stm32f469xx.o(.text) refers to entry.o(.ARM.Collect$$$$00000000) for __main
    stm32469i_discovery.o(i.BSP_LED_DeInit) refers to stm32f4xx_hal_gpio.o(i.HAL_GPIO_WritePin) for HAL_GPIO_WritePin
    stm32469i_discovery.o(i.BSP_LED_DeInit) refers to stm32f4xx_hal_gpio.o(i.HAL_GPIO_DeInit) for HAL_GPIO_DeInit
    stm32469i_discovery.o(i.BSP_LED_DeInit) refers to stm32469i_discovery.o(.data) for .data
    stm32469i_discovery.o(i.BSP_LED_Init) refers to stm32f4xx_hal_gpio.o(i.HAL_GPIO_Init) for HAL_GPIO_Init
    stm32469i_discovery.o(i.BSP_LED_Init) refers to stm32f4xx_hal_gpio.o(i.HAL_GPIO_WritePin) for HAL_GPIO_WritePin
    stm32469i_discovery.o(i.BSP_LED_Init) refers to stm32469i_discovery.o(.data) for .data
    stm32469i_discovery.o(i.BSP_LED_Off) refers to stm32f4xx_hal_gpio.o(i.HAL_GPIO_WritePin) for HAL_GPIO_WritePin
    stm32469i_discovery.o(i.BSP_LED_Off) refers to stm32469i_discovery.o(.data) for .data
    stm32469i_discovery.o(i.BSP_LED_On) refers to stm32f4xx_hal_gpio.o(i.HAL_GPIO_WritePin) for HAL_GPIO_WritePin
    stm32469i_discovery.o(i.BSP_LED_On) refers to stm32469i_discovery.o(.data) for .data
    stm32469i_discovery.o(i.BSP_LED_Toggle) refers to stm32f4xx_hal_gpio.o(i.HAL_GPIO_TogglePin) for HAL_GPIO_TogglePin
    stm32469i_discovery.o(i.BSP_LED_Toggle) refers to stm32469i_discovery.o(.data) for .data
    stm32469i_discovery.o(i.BSP_PB_DeInit) refers to stm32f4xx_hal_cortex.o(i.HAL_NVIC_DisableIRQ) for HAL_NVIC_DisableIRQ
    stm32469i_discovery.o(i.BSP_PB_DeInit) refers to stm32f4xx_hal_gpio.o(i.HAL_GPIO_DeInit) for HAL_GPIO_DeInit
    stm32469i_discovery.o(i.BSP_PB_DeInit) refers to stm32469i_discovery.o(.constdata) for .constdata
    stm32469i_discovery.o(i.BSP_PB_DeInit) refers to stm32469i_discovery.o(.data) for .data
    stm32469i_discovery.o(i.BSP_PB_GetState) refers to stm32f4xx_hal_gpio.o(i.HAL_GPIO_ReadPin) for HAL_GPIO_ReadPin
    stm32469i_discovery.o(i.BSP_PB_GetState) refers to stm32469i_discovery.o(.constdata) for .constdata
    stm32469i_discovery.o(i.BSP_PB_GetState) refers to stm32469i_discovery.o(.data) for .data
    stm32469i_discovery.o(i.BSP_PB_Init) refers to stm32f4xx_hal_gpio.o(i.HAL_GPIO_Init) for HAL_GPIO_Init
    stm32469i_discovery.o(i.BSP_PB_Init) refers to stm32f4xx_hal_cortex.o(i.HAL_NVIC_SetPriority) for HAL_NVIC_SetPriority
    stm32469i_discovery.o(i.BSP_PB_Init) refers to stm32f4xx_hal_cortex.o(i.HAL_NVIC_EnableIRQ) for HAL_NVIC_EnableIRQ
    stm32469i_discovery.o(i.BSP_PB_Init) refers to stm32469i_discovery.o(.constdata) for .constdata
    stm32469i_discovery.o(i.BSP_PB_Init) refers to stm32469i_discovery.o(.data) for .data
    stm32469i_discovery.o(i.OTM8009A_IO_Delay) refers to stm32f4xx_hal.o(i.HAL_Delay) for HAL_Delay
    stm32469i_discovery_lcd.o(i.BSP_LCD_Clear) refers to stm32469i_discovery_lcd.o(i.LL_FillBuffer) for LL_FillBuffer
    stm32469i_discovery_lcd.o(i.BSP_LCD_Clear) refers to stm32469i_discovery_lcd.o(.data) for .data
    stm32469i_discovery_lcd.o(i.BSP_LCD_Clear) refers to stm32469i_discovery_lcd.o(.bss) for .bss
    stm32469i_discovery_lcd.o(i.BSP_LCD_ClearStringLine) refers to stm32469i_discovery_lcd.o(i.BSP_LCD_FillRect) for BSP_LCD_FillRect
    stm32469i_discovery_lcd.o(i.BSP_LCD_ClearStringLine) refers to stm32469i_discovery_lcd.o(i.BSP_LCD_SetTextColor) for BSP_LCD_SetTextColor
    stm32469i_discovery_lcd.o(i.BSP_LCD_ClearStringLine) refers to stm32469i_discovery_lcd.o(.data) for .data
    stm32469i_discovery_lcd.o(i.BSP_LCD_ClearStringLine) refers to stm32469i_discovery_lcd.o(.bss) for .bss
    stm32469i_discovery_lcd.o(i.BSP_LCD_DMA2D_IRQHandler) refers to stm32f4xx_hal_dma2d.o(i.HAL_DMA2D_IRQHandler) for HAL_DMA2D_IRQHandler
    stm32469i_discovery_lcd.o(i.BSP_LCD_DMA2D_IRQHandler) refers to stm32469i_discovery_lcd.o(.bss) for .bss
    stm32469i_discovery_lcd.o(i.BSP_LCD_DSI_IRQHandler) refers to stm32f4xx_hal_dsi.o(i.HAL_DSI_IRQHandler) for HAL_DSI_IRQHandler
    stm32469i_discovery_lcd.o(i.BSP_LCD_DSI_IRQHandler) refers to stm32469i_discovery_lcd.o(.bss) for .bss
    stm32469i_discovery_lcd.o(i.BSP_LCD_DisplayChar) refers to stm32469i_discovery_lcd.o(i.DrawChar) for DrawChar
[...]
    .ARM.Collect$$$$00000008                 0x080001bc   Section        0  entry7b.o(.ARM.Collect$$$$00000008)
    .ARM.Collect$$$$0000000A                 0x080001bc   Section        0  entry8b.o(.ARM.Collect$$$$0000000A)
    .ARM.Collect$$$$0000000B                 0x080001bc   Section        8  entry9a.o(.ARM.Collect$$$$0000000B)
    .ARM.Collect$$$$0000000D                 0x080001c4   Section        0  entry10a.o(.ARM.Collect$$$$0000000D)
    .ARM.Collect$$$$0000000F                 0x080001c4   Section        0  entry11a.o(.ARM.Collect$$$$0000000F)
    .ARM.Collect$$$$00002712                 0x080001c4   Section        4  entry2.o(.ARM.Collect$$$$00002712)
    __lit__00000000                          0x080001c4   Data           4  entry2.o(.ARM.Collect$$$$00002712)
    .text                                    0x080001c8   Section       36  startup_stm32f469xx.o(.text)
    $v0                                      0x080001c8   Number         0  startup_stm32f469xx.o(.text)
    .text                                    0x080001ec   Section        0  uldiv.o(.text)
    .text                                    0x0800024e   Section        0  memcpya.o(.text)
    .text                                    0x08000272   Section        0  llshl.o(.text)
    .text                                    0x08000290   Section        0  llushr.o(.text)
    .text                                    0x080002b0   Section       36  init.o(.text)
    i.BSP_LCD_Clear                          0x080002d4   Section        0  stm32469i_discovery_lcd.o(i.BSP_LCD_Clear)
    i.BSP_LCD_DrawPixel                      0x08000304   Section        0  stm32469i_discovery_lcd.o(i.BSP_LCD_DrawPixel)
    i.BSP_LCD_Init                           0x08000330   Section        0  stm32469i_discovery_lcd.o(i.BSP_LCD_Init)
    i.BSP_LCD_InitEx                         0x08000338   Section        0  stm32469i_discovery_lcd.o(i.BSP_LCD_InitEx)
    i.BSP_LCD_LayerDefaultInit               0x080004d0   Section        0  stm32469i_discovery_lcd.o(i.BSP_LCD_LayerDefaultInit)
    i.BSP_LCD_MspInit                        0x08000540   Section        0  stm32469i_discovery_lcd.o(i.BSP_LCD_MspInit)
    i.BSP_LCD_Reset                          0x080005e8   Section        0  stm32469i_discovery_lcd.o(i.BSP_LCD_Reset)
    i.BSP_LCD_SelectLayer                    0x08000644   Section        0  stm32469i_discovery_lcd.o(i.BSP_LCD_SelectLayer)
    i.BSP_LCD_SetFont                        0x08000650   Section        0  stm32469i_discovery_lcd.o(i.BSP_LCD_SetFont)
    i.BSP_LED_Init                           0x0800066c   Section        0  stm32469i_discovery.o(i.BSP_LED_Init)
    i.BSP_LED_Toggle                         0x080006f4   Section        0  stm32469i_discovery.o(i.BSP_LED_Toggle)
    i.BSP_SDRAM_Init                         0x08000714   Section        0  stm32469i_discovery_sdram.o(i.BSP_SDRAM_Init)
    i.BSP_SDRAM_Initialization_sequence      0x0800078c   Section        0  stm32469i_discovery_sdram.o(i.BSP_SDRAM_Initialization_sequence)
    i.BSP_SDRAM_MspInit                      0x08000818   Section        0  stm32469i_discovery_sdram.o(i.BSP_SDRAM_MspInit)
    i.DMA2D_SetConfig                        0x080009a0   Section        0  stm32f4xx_hal_dma2d.o(i.DMA2D_SetConfig)
    DMA2D_SetConfig                          0x080009a1   Thumb Code   150  stm32f4xx_hal_dma2d.o(i.DMA2D_SetConfig)
    i.DMA_CalcBaseAndBitshift                0x08000a38   Section        0  stm32f4xx_hal_dma.o(i.DMA_CalcBaseAndBitshift)
    DMA_CalcBaseAndBitshift                  0x08000a39   Thumb Code    34  stm32f4xx_hal_dma.o(i.DMA_CalcBaseAndBitshift)
    i.DMA_CheckFifoParam                     0x08000a60   Section        0  stm32f4xx_hal_dma.o(i.DMA_CheckFifoParam)
    DMA_CheckFifoParam                       0x08000a61   Thumb Code    84  stm32f4xx_hal_dma.o(i.DMA_CheckFifoParam)
    i.DSI_ConfigPacketHeader                 0x08000ab4   Section        0  stm32f4xx_hal_dsi.o(i.DSI_ConfigPacketHeader)
    DSI_ConfigPacketHeader                   0x08000ab5   Thumb Code    20  stm32f4xx_hal_dsi.o(i.DSI_ConfigPacketHeader)
    i.DSI_IO_WriteCmd                        0x08000ac8   Section        0  stm32469i_discovery_lcd.o(i.DSI_IO_WriteCmd)
    i.EXTI1_IRQHandler                       0x08000af8   Section        0  stm32f4xx_it.o(i.EXTI1_IRQHandler)
    i.FMC_SDRAM_Init                         0x08000afe   Section        0  stm32f4xx_ll_fmc.o(i.FMC_SDRAM_Init)
    i.FMC_SDRAM_ProgramRefreshRate           0x08000b4e   Section        0  stm32f4xx_ll_fmc.o(i.FMC_SDRAM_ProgramRefreshRate)
    i.FMC_SDRAM_SendCommand                  0x08000b5a   Section        0  stm32f4xx_ll_fmc.o(i.FMC_SDRAM_SendCommand)
    i.FMC_SDRAM_Timing_Init                  0x08000ba4   Section        0  stm32f4xx_ll_fmc.o(i.FMC_SDRAM_Timing_Init)
    i.HAL_DMA2D_ConfigLayer                  0x08000c24   Section        0  stm32f4xx_hal_dma2d.o(i.HAL_DMA2D_ConfigLayer)
    i.HAL_DMA2D_Init                         0x08000ccc   Section        0  stm32f4xx_hal_dma2d.o(i.HAL_DMA2D_Init)
    i.HAL_DMA2D_MspInit                      0x08000d28   Section        0  stm32f4xx_hal_msp.o(i.HAL_DMA2D_MspInit)
    i.HAL_DMA2D_PollForTransfer              0x08000d50   Section        0  stm32f4xx_hal_dma2d.o(i.HAL_DMA2D_PollForTransfer)
    i.HAL_DMA2D_Start                        0x08000e5c   Section        0  stm32f4xx_hal_dma2d.o(i.HAL_DMA2D_Start)
    i.HAL_DMA_Abort_IT                       0x08000e90   Section        0  stm32f4xx_hal_dma.o(i.HAL_DMA_Abort_IT)
    i.HAL_DMA_DeInit                         0x08000eb4   Section        0  stm32f4xx_hal_dma.o(i.HAL_DMA_DeInit)
    i.HAL_DMA_Init                           0x08000f0c   Section        0  stm32f4xx_hal_dma.o(i.HAL_DMA_Init)
    i.HAL_DSI_ConfigErrorMonitor             0x08000fe0   Section        0  stm32f4xx_hal_dsi.o(i.HAL_DSI_ConfigErrorMonitor)
    i.HAL_DSI_ConfigFlowControl              0x080010a8   Section        0  stm32f4xx_hal_dsi.o(i.HAL_DSI_ConfigFlowControl)
    i.HAL_DSI_ConfigHostTimeouts             0x080010d0   Section        0  stm32f4xx_hal_dsi.o(i.HAL_DSI_ConfigHostTimeouts)
    i.HAL_DSI_ConfigPhyTimer                 0x080011b2   Section        0  stm32f4xx_hal_dsi.o(i.HAL_DSI_ConfigPhyTimer)
    i.HAL_DSI_ConfigVideoMode                0x0800122c   Section        0  stm32f4xx_hal_dsi.o(i.HAL_DSI_ConfigVideoMode)
    i.HAL_DSI_DeInit                         0x08001482   Section        0  stm32f4xx_hal_dsi.o(i.HAL_DSI_DeInit)
    i.HAL_DSI_Init                           0x0800150c   Section        0  stm32f4xx_hal_dsi.o(i.HAL_DSI_Init)
    i.HAL_DSI_LongWrite                      0x0800167c   Section        0  stm32f4xx_hal_dsi.o(i.HAL_DSI_LongWrite)
    i.HAL_DSI_MspDeInit                      0x08001740   Section        0  stm32f4xx_hal_msp.o(i.HAL_DSI_MspDeInit)
    i.HAL_DSI_MspInit                        0x08001768   Section        0  stm32f4xx_hal_msp.o(i.HAL_DSI_MspInit)
    i.HAL_DSI_SetGenericVCID                 0x080017b0   Section        0  stm32f4xx_hal_dsi.o(i.HAL_DSI_SetGenericVCID)
    i.HAL_DSI_SetLowPowerRXFilter            0x080017d8   Section        0  stm32f4xx_hal_dsi.o(i.HAL_DSI_SetLowPowerRXFilter)
    i.HAL_DSI_ShortWrite                     0x0800180c   Section        0  stm32f4xx_hal_dsi.o(i.HAL_DSI_ShortWrite)
    i.HAL_DSI_Start                          0x0800186a   Section        0  stm32f4xx_hal_dsi.o(i.HAL_DSI_Start)
    i.HAL_Delay                              0x080018b0   Section        0  stm32f4xx_hal.o(i.HAL_Delay)
    i.HAL_FMC_MspInit                        0x080018d4   Section        0  stm32f4xx_hal_msp.o(i.HAL_FMC_MspInit)
    HAL_FMC_MspInit                          0x080018d5   Thumb Code   224  stm32f4xx_hal_msp.o(i.HAL_FMC_MspInit)
    i.HAL_GPIO_DeInit                        0x080019dc   Section        0  stm32f4xx_hal_gpio.o(i.HAL_GPIO_DeInit)
    i.HAL_GPIO_EXTI_Callback                 0x08001b4c   Section        0  main.o(i.HAL_GPIO_EXTI_Callback)
    i.HAL_GPIO_EXTI_IRQHandler               0x08001b94   Section        0  stm32f4xx_hal_gpio.o(i.HAL_GPIO_EXTI_IRQHandler)
    i.HAL_GPIO_Init                          0x08001bac   Section        0  stm32f4xx_hal_gpio.o(i.HAL_GPIO_Init)
    i.HAL_GPIO_ReadPin                       0x08001d78   Section        0  stm32f4xx_hal_gpio.o(i.HAL_GPIO_ReadPin)
    i.HAL_GPIO_TogglePin                     0x08001d82   Section        0  stm32f4xx_hal_gpio.o(i.HAL_GPIO_TogglePin)
    i.HAL_GPIO_WritePin                      0x08001d8a   Section        0  stm32f4xx_hal_gpio.o(i.HAL_GPIO_WritePin)
    i.HAL_GetTick                            0x08001d94   Section        0  stm32f4xx_hal.o(i.HAL_GetTick)
    i.HAL_I2C_AbortCpltCallback              0x08001da0   Section        0  stm32f4xx_hal_i2c.o(i.HAL_I2C_AbortCpltCallback)
    i.HAL_I2C_AddrCallback                   0x08001da2   Section        0  stm32f4xx_hal_i2c.o(i.HAL_I2C_AddrCallback)
    i.HAL_I2C_EV_IRQHandler                  0x08001da4   Section        0  stm32f4xx_hal_i2c.o(i.HAL_I2C_EV_IRQHandler)
    i.HAL_I2C_ErrorCallback                  0x08001f94   Section        0  stm32f4xx_hal_i2c.o(i.HAL_I2C_ErrorCallback)
    i.HAL_I2C_Init                           0x08001f98   Section        0  stm32f4xx_hal_i2c.o(i.HAL_I2C_Init)
    i.HAL_I2C_ListenCpltCallback             0x080020a0   Section        0  stm32f4xx_hal_i2c.o(i.HAL_I2C_ListenCpltCallback)
    i.HAL_I2C_MasterRxCpltCallback           0x080020a2   Section        0  stm32f4xx_hal_i2c.o(i.HAL_I2C_MasterRxCpltCallback)
    i.HAL_I2C_MasterTxCpltCallback           0x080020a4   Section        0  stm32f4xx_hal_i2c.o(i.HAL_I2C_MasterTxCpltCallback)
    i.HAL_I2C_MemRxCpltCallback              0x080020a6   Section        0  stm32f4xx_hal_i2c.o(i.HAL_I2C_MemRxCpltCallback)
    i.HAL_I2C_MemTxCpltCallback              0x080020a8   Section        0  stm32f4xx_hal_i2c.o(i.HAL_I2C_MemTxCpltCallback)
    i.HAL_I2C_MspInit                        0x080020ac   Section        0  stm32f4xx_hal_msp.o(i.HAL_I2C_MspInit)
    i.HAL_I2C_SlaveRxCpltCallback            0x08002108   Section        0  stm32f4xx_hal_i2c.o(i.HAL_I2C_SlaveRxCpltCallback)
    i.HAL_I2C_SlaveTxCpltCallback            0x0800210a   Section        0  stm32f4xx_hal_i2c.o(i.HAL_I2C_SlaveTxCpltCallback)
    i.HAL_IncTick                            0x0800210c   Section        0  stm32f4xx_hal.o(i.HAL_IncTick)
    i.HAL_Init                               0x0800211c   Section        0  stm32f4xx_hal.o(i.HAL_Init)
    i.HAL_InitTick                           0x08002150   Section        0  stm32f4xx_hal.o(i.HAL_InitTick)
    i.HAL_LTDCEx_StructInitFromVideoConfig   0x08002190   Section        0  stm32f4xx_hal_ltdc_ex.o(i.HAL_LTDCEx_StructInitFromVideoConfig)
    i.HAL_LTDC_ConfigLayer                   0x080021ea   Section        0  stm32f4xx_hal_ltdc.o(i.HAL_LTDC_ConfigLayer)
    i.HAL_LTDC_Init                          0x0800223c   Section        0  stm32f4xx_hal_ltdc.o(i.HAL_LTDC_Init)
    i.HAL_LTDC_MspInit                       0x08002330   Section        0  stm32f4xx_hal_msp.o(i.HAL_LTDC_MspInit)
    i.HAL_MspInit                            0x08002358   Section        0  stm32f4xx_hal_msp.o(i.HAL_MspInit)
    i.HAL_NVIC_EnableIRQ                     0x080023dc   Section        0  stm32f4xx_hal_cortex.o(i.HAL_NVIC_EnableIRQ)
    i.HAL_NVIC_SetPriority                   0x080023f4   Section        0  stm32f4xx_hal_cortex.o(i.HAL_NVIC_SetPriority)
    i.HAL_NVIC_SetPriorityGrouping           0x08002434   Section        0  stm32f4xx_hal_cortex.o(i.HAL_NVIC_SetPriorityGrouping)
    i.HAL_PWREx_EnableOverDrive              0x08002458   Section        0  stm32f4xx_hal_pwr_ex.o(i.HAL_PWREx_EnableOverDrive)
    i.HAL_RCCEx_PeriphCLKConfig              0x080024c8   Section        0  stm32f4xx_hal_rcc_ex.o(i.HAL_RCCEx_PeriphCLKConfig)
    i.HAL_RCC_ClockConfig                    0x080027b0   Section        0  stm32f4xx_hal_rcc.o(i.HAL_RCC_ClockConfig)
    i.HAL_RCC_GetHCLKFreq                    0x080028e0   Section        0  stm32f4xx_hal_rcc.o(i.HAL_RCC_GetHCLKFreq)
    i.HAL_RCC_GetPCLK1Freq                   0x080028ec   Section        0  stm32f4xx_hal_rcc.o(i.HAL_RCC_GetPCLK1Freq)
    i.HAL_RCC_GetPCLK2Freq                   0x0800290c   Section        0  stm32f4xx_hal_rcc.o(i.HAL_RCC_GetPCLK2Freq)
    i.HAL_RCC_GetSysClockFreq                0x0800292c   Section        0  stm32f4xx_hal_rcc.o(i.HAL_RCC_GetSysClockFreq)
    i.HAL_RCC_OscConfig                      0x0800298c   Section        0  stm32f4xx_hal_rcc_ex.o(i.HAL_RCC_OscConfig)
    i.HAL_SDRAM_Init                         0x08002cb0   Section        0  stm32f4xx_hal_sdram.o(i.HAL_SDRAM_Init)
    i.HAL_SDRAM_MspInit                      0x08002cf2   Section        0  stm32f4xx_hal_msp.o(i.HAL_SDRAM_MspInit)
    i.HAL_SDRAM_ProgramRefreshRate           0x08002cf6   Section        0  stm32f4xx_hal_sdram.o(i.HAL_SDRAM_ProgramRefreshRate)
    i.HAL_SDRAM_SendCommand                  0x08002d18   Section        0  stm32f4xx_hal_sdram.o(i.HAL_SDRAM_SendCommand)
    i.HAL_SYSTICK_CLKSourceConfig            0x08002d48   Section        0  stm32f4xx_hal_cortex.o(i.HAL_SYSTICK_CLKSourceConfig)
    i.HAL_SYSTICK_Callback                   0x08002d60   Section        0  stm32f4xx_hal_cortex.o(i.HAL_SYSTICK_Callback)
    i.HAL_SYSTICK_Config                     0x08002d62   Section        0  stm32f4xx_hal_cortex.o(i.HAL_SYSTICK_Config)
    i.HAL_SYSTICK_IRQHandler                 0x08002d8a   Section        0  stm32f4xx_hal_cortex.o(i.HAL_SYSTICK_IRQHandler)
    i.HAL_UART_ErrorCallback                 0x08002d92   Section        0  stm32f4xx_hal_uart.o(i.HAL_UART_ErrorCallback)
    i.HAL_UART_IRQHandler                    0x08002d94   Section        0  stm32f4xx_hal_uart.o(i.HAL_UART_IRQHandler)
    i.HAL_UART_Init                          0x08002ea4   Section        0  stm32f4xx_hal_uart.o(i.HAL_UART_Init)
    i.HAL_UART_MspInit                       0x08002f08   Section        0  stm32f4xx_hal_msp.o(i.HAL_UART_MspInit)
    i.HAL_UART_RxCpltCallback                0x08002f64   Section        0  stm32f4xx_hal_uart.o(i.HAL_UART_RxCpltCallback)
    i.HAL_UART_Transmit                      0x08002f66   Section        0  stm32f4xx_hal_uart.o(i.HAL_UART_Transmit)
    i.HAL_UART_TxCpltCallback                0x08003020   Section        0  stm32f4xx_hal_uart.o(i.HAL_UART_TxCpltCallback)
    i.I2C1_EV_IRQHandler                     0x08003024   Section        0  stm32f4xx_it.o(i.I2C1_EV_IRQHandler)
    i.I2C_DMAAbort                           0x08003030   Section        0  stm32f4xx_hal_i2c.o(i.I2C_DMAAbort)
    I2C_DMAAbort                             0x08003031   Thumb Code    78  stm32f4xx_hal_i2c.o(i.I2C_DMAAbort)
    i.I2C_ITError                            0x08003080   Section        0  stm32f4xx_hal_i2c.o(i.I2C_ITError)
    I2C_ITError                              0x08003081   Thumb Code   284  stm32f4xx_hal_i2c.o(i.I2C_ITError)
    i.I2C_MasterReceive_BTF                  0x080031a4   Section        0  stm32f4xx_hal_i2c.o(i.I2C_MasterReceive_BTF)
    I2C_MasterReceive_BTF                    0x080031a5   Thumb Code   190  stm32f4xx_hal_i2c.o(i.I2C_MasterReceive_BTF)
    i.I2C_MasterReceive_RXNE                 0x08003262   Section        0  stm32f4xx_hal_i2c.o(i.I2C_MasterReceive_RXNE)
    I2C_MasterReceive_RXNE                   0x08003263   Thumb Code   132  stm32f4xx_hal_i2c.o(i.I2C_MasterReceive_RXNE)
    i.I2C_MasterTransmit_BTF                 0x080032e6   Section        0  stm32f4xx_hal_i2c.o(i.I2C_MasterTransmit_BTF)
    I2C_MasterTransmit_BTF                   0x080032e7   Thumb Code   128  stm32f4xx_hal_i2c.o(i.I2C_MasterTransmit_BTF)
    i.I2C_MasterTransmit_TXE                 0x08003368   Section        0  stm32f4xx_hal_i2c.o(i.I2C_MasterTransmit_TXE)
    I2C_MasterTransmit_TXE                   0x08003369   Thumb Code   264  stm32f4xx_hal_i2c.o(i.I2C_MasterTransmit_TXE)
    i.I2C_Master_ADDR                        0x08003470   Section        0  stm32f4xx_hal_i2c.o(i.I2C_Master_ADDR)
    I2C_Master_ADDR                          0x08003471   Thumb Code   244  stm32f4xx_hal_i2c.o(i.I2C_Master_ADDR)
    i.I2C_Master_SB                          0x08003564   Section        0  stm32f4xx_hal_i2c.o(i.I2C_Master_SB)
    I2C_Master_SB                            0x08003565   Thumb Code    90  stm32f4xx_hal_i2c.o(i.I2C_Master_SB)
    i.I2C_ReadByte                           0x080035c0   Section        0  sccb.o(i.I2C_ReadByte)
    i.I2C_SendByte                           0x080036d4   Section        0  sccb.o(i.I2C_SendByte)
    I2C_SendByte                             0x080036d5   Thumb Code    90  sccb.o(i.I2C_SendByte)
    i.I2C_Slave_STOPF                        0x08003738   Section        0  stm32f4xx_hal_i2c.o(i.I2C_Slave_STOPF)
    I2C_Slave_STOPF                          0x08003739   Thumb Code   214  stm32f4xx_hal_i2c.o(i.I2C_Slave_STOPF)
    i.I2C_Start                              0x08003814   Section        0  sccb.o(i.I2C_Start)
    I2C_Start                                0x08003815   Thumb Code    86  sccb.o(i.I2C_Start)
    i.I2C_Stop                               0x08003874   Section        0  sccb.o(i.I2C_Stop)
    I2C_Stop                                 0x08003875   Thumb Code    70  sccb.o(i.I2C_Stop)
    i.I2C_WaitAck                            0x080038c4   Section        0  sccb.o(i.I2C_WaitAck)
    I2C_WaitAck                              0x080038c5   Thumb Code    88  sccb.o(i.I2C_WaitAck)
    i.I2C_WriteByte                          0x08003924   Section        0  sccb.o(i.I2C_WriteByte)
    i.I2C_delay                              0x08003964   Section        0  sccb.o(i.I2C_delay)
    I2C_delay                                0x08003965   Thumb Code    12  sccb.o(i.I2C_delay)
    i.LL_FillBuffer                          0x08003970   Section        0  stm32469i_discovery_lcd.o(i.LL_FillBuffer)
    LL_FillBuffer                            0x08003971   Thumb Code    88  stm32469i_discovery_lcd.o(i.LL_FillBuffer)
    i.LTDC_SetConfig                         0x080039d0   Section        0  stm32f4xx_hal_ltdc.o(i.LTDC_SetConfig)
    LTDC_SetConfig                           0x080039d1   Thumb Code   354  stm32f4xx_hal_ltdc.o(i.LTDC_SetConfig)
    i.MX_DMA2D_Init                          0x08003b34   Section        0  main.o(i.MX_DMA2D_Init)
    MX_DMA2D_Init                            0x08003b35   Thumb Code    48  main.o(i.MX_DMA2D_Init)
    i.MX_DSIHOST_DSI_Init                    0x08003b6c   Section        0  main.o(i.MX_DSIHOST_DSI_Init)
    MX_DSIHOST_DSI_Init                      0x08003b6d   Thumb Code   242  main.o(i.MX_DSIHOST_DSI_Init)
    i.MX_FMC_Init                            0x08003c68   Section        0  main.o(i.MX_FMC_Init)
    MX_FMC_Init                              0x08003c69   Thumb Code    72  main.o(i.MX_FMC_Init)
    i.MX_GPIO_Init                           0x08003cb8   Section        0  main.o(i.MX_GPIO_Init)
    MX_GPIO_Init                             0x08003cb9   Thumb Code   882  main.o(i.MX_GPIO_Init)
    i.MX_I2C1_Init                           0x08004060   Section        0  main.o(i.MX_I2C1_Init)
    MX_I2C1_Init                             0x08004061   Thumb Code    44  main.o(i.MX_I2C1_Init)
    i.MX_LTDC_Init                           0x08004098   Section        0  main.o(i.MX_LTDC_Init)
    MX_LTDC_Init                             0x08004099   Thumb Code   190  main.o(i.MX_LTDC_Init)
    i.NVIC_SetPriority                       0x08004160   Section        0  stm32f4xx_hal_cortex.o(i.NVIC_SetPriority)
    NVIC_SetPriority                         0x08004161   Thumb Code    32  stm32f4xx_hal_cortex.o(i.NVIC_SetPriority)
    i.OTM8009A_IO_Delay                      0x08004180   Section        0  stm32469i_discovery.o(i.OTM8009A_IO_Delay)
    i.OTM8009A_Init                          0x08004184   Section        0  otm8009a.o(i.OTM8009A_Init)
    i.SysTick_Handler                        0x0800459c   Section        0  stm32f4xx_it.o(i.SysTick_Handler)
    i.SystemClock_Config                     0x080045b4   Section        0  main.o(i.SystemClock_Config)
    i.SystemInit                             0x08004674   Section        0  system_stm32f4xx.o(i.SystemInit)
    i.UART_DMAAbortOnError                   0x080046c8   Section        0  stm32f4xx_hal_uart.o(i.UART_DMAAbortOnError)
    UART_DMAAbortOnError                     0x080046c9   Thumb Code    16  stm32f4xx_hal_uart.o(i.UART_DMAAbortOnError)
    i.UART_EndRxTransfer                     0x080046d8   Section        0  stm32f4xx_hal_uart.o(i.UART_EndRxTransfer)
    UART_EndRxTransfer                       0x080046d9   Thumb Code    28  stm32f4xx_hal_uart.o(i.UART_EndRxTransfer)
    i.UART_Receive_IT                        0x080046f4   Section        0  stm32f4xx_hal_uart.o(i.UART_Receive_IT)
    UART_Receive_IT                          0x080046f5   Thumb Code   140  stm32f4xx_hal_uart.o(i.UART_Receive_IT)
    i.UART_SetConfig                         0x08004780   Section        0  stm32f4xx_hal_uart.o(i.UART_SetConfig)
    UART_SetConfig                           0x08004781   Thumb Code   676  stm32f4xx_hal_uart.o(i.UART_SetConfig)
    i.UART_Transmit_IT                       0x08004a2c   Section        0  stm32f4xx_hal_uart.o(i.UART_Transmit_IT)
    UART_Transmit_IT                         0x08004a2d   Thumb Code    98  stm32f4xx_hal_uart.o(i.UART_Transmit_IT)
    i.UART_WaitOnFlagUntilTimeout            0x08004a8e   Section        0  stm32f4xx_hal_uart.o(i.UART_WaitOnFlagUntilTimeout)
    UART_WaitOnFlagUntilTimeout              0x08004a8f   Thumb Code   100  stm32f4xx_hal_uart.o(i.UART_WaitOnFlagUntilTimeout)
    i.USART3_IRQHandler                      0x08004af4   Section        0  stm32f4xx_it.o(i.USART3_IRQHandler)
    i.__0printf$5                            0x08004b00   Section        0  printf5.o(i.__0printf$5)
    i.__scatterload_copy                     0x08004b20   Section       14  handlers.o(i.__scatterload_copy)
    i.__scatterload_null                     0x08004b2e   Section        2  handlers.o(i.__scatterload_null)
    i.__scatterload_zeroinit                 0x08004b30   Section       14  handlers.o(i.__scatterload_zeroinit)
    i._printf_core                           0x08004b40   Section        0  printf5.o(i._printf_core)
    _printf_core                             0x08004b41   Thumb Code   658  printf5.o(i._printf_core)
    i.fputc                                  0x08004e00   Section        0  main.o(i.fputc)
    i.main                                   0x08004e18   Section        0  main.o(i.main)
    .constdata                               0x08005160   Section     6840  stm32469i_discovery_lcd.o(.constdata)
    .constdata                               0x08006c18   Section        8  stm32f4xx_hal_dma.o(.constdata)
    flagBitshiftOffset                       0x08006c18   Data           8  stm32f4xx_hal_dma.o(.constdata)
    .constdata                               0x08006c20   Section       16  system_stm32f4xx.o(.constdata)
    .constdata                               0x08006c30   Section        8  system_stm32f4xx.o(.constdata)
    .constdata                               0x08006c38   Section      405  otm8009a.o(.constdata)
    .data                                    0x20000000   Section       36  stm32469i_discovery.o(.data)
    .data                                    0x20000024   Section       20  stm32469i_discovery_lcd.o(.data)
    ActiveLayer                              0x2000002c   Data           4  stm32469i_discovery_lcd.o(.data)
    .data                                    0x20000038   Section        2  stm32469i_discovery_sdram.o(.data)
    sdramstatus                              0x20000038   Data           1  stm32469i_discovery_sdram.o(.data)
    sdramstatus                              0x20000039   Data           1  stm32469i_discovery_sdram.o(.data)
    .data                                    0x2000003c   Section       20  main.o(.data)
    .data                                    0x20000050   Section        8  stm32f4xx_hal_msp.o(.data)
    FMC_Initialized                          0x20000050   Data           4  stm32f4xx_hal_msp.o(.data)
    FMC_DeInitialized                        0x20000054   Data           4  stm32f4xx_hal_msp.o(.data)
    .data                                    0x20000058   Section       12  stm32f4xx_hal.o(.data)
    .data                                    0x20000064   Section        4  system_stm32f4xx.o(.data)
    .data                                    0x20000068   Section        4  stdout.o(.data)
    .bss                                     0x2000006c   Section      452  stm32469i_discovery_lcd.o(.bss)
    PeriphClkInitStruct                      0x2000006c   Data          60  stm32469i_discovery_lcd.o(.bss)
    hdsivideo_handle                         0x200000a8   Data         108  stm32469i_discovery_lcd.o(.bss)
    DrawProp                                 0x20000218   Data          24  stm32469i_discovery_lcd.o(.bss)
    .bss                                     0x20000230   Section      288  stm32469i_discovery_sdram.o(.bss)
    dma_handle                               0x20000230   Data          96  stm32469i_discovery_sdram.o(.bss)
    dma_handle                               0x20000290   Data          96  stm32469i_discovery_sdram.o(.bss)
    sdramHandle                              0x200002f0   Data          52  stm32469i_discovery_sdram.o(.bss)
    Timing                                   0x20000324   Data          28  stm32469i_discovery_sdram.o(.bss)
    Command                                  0x20000340   Data          16  stm32469i_discovery_sdram.o(.bss)
    .bss                                     0x20000350   Section      460  main.o(.bss)
    STACK                                    0x20000520   Section     1024  startup_stm32f469xx.o(STACK)

    Global Symbols

    Symbol Name                              Value     Ov Type        Size  Object(Section)

    BuildAttributes$$THM_ISAv4$E$P$D$K$B$S$7EM$VFPi3$EXTD16$VFPS$VFMA$PE$A:L22UL41UL21$X:L11$S22US41US21$IEEE1$IW$USESV6$~STKCKD$USESV7$~SHL$OSPACE$ROPI$EBA8$MICROLIB$REQ8$PRES8$EABIv2 0x00000000   Number         0  anon$$obj.o ABSOLUTE
    __ARM_use_no_argv                        0x00000000   Number         0  main.o ABSOLUTE
    _printf_a                                0x00000000   Number         0  stubs.o ABSOLUTE
    _printf_c                                0x00000000   Number         0  stubs.o ABSOLUTE
    _printf_charcount                        0x00000000   Number         0  stubs.o ABSOLUTE
    _printf_d                                0x00000000   Number         0  stubs.o ABSOLUTE
    _printf_e                                0x00000000   Number         0  stubs.o ABSOLUTE
    _printf_f                                0x00000000   Number         0  stubs.o ABSOLUTE
    _printf_flags                            0x00000000   Number         0  stubs.o ABSOLUTE
    _printf_fp_dec                           0x00000000   Number         0  stubs.o ABSOLUTE
    _printf_fp_hex                           0x00000000   Number         0  stubs.o ABSOLUTE
    _printf_g                                0x00000000   Number         0  stubs.o ABSOLUTE
    _printf_i                                0x00000000   Number         0  stubs.o ABSOLUTE
    _printf_int_dec                          0x00000000   Number         0  stubs.o ABSOLUTE
    _printf_l                                0x00000000   Number         0  stubs.o ABSOLUTE
    _printf_lc                               0x00000000   Number         0  stubs.o ABSOLUTE
    _printf_ll                               0x00000000   Number         0  stubs.o ABSOLUTE
    _printf_lld                              0x00000000   Number         0  stubs.o ABSOLUTE
    _printf_lli                              0x00000000   Number         0  stubs.o ABSOLUTE
    _printf_llo                              0x00000000   Number         0  stubs.o ABSOLUTE
    _printf_llu                              0x00000000   Number         0  stubs.o ABSOLUTE
    _printf_llx                              0x00000000   Number         0  stubs.o ABSOLUTE
    _printf_longlong_dec                     0x00000000   Number         0  stubs.o ABSOLUTE
    _printf_longlong_hex                     0x00000000   Number         0  stubs.o ABSOLUTE
    _printf_longlong_oct                     0x00000000   Number         0  stubs.o ABSOLUTE
    _printf_ls                               0x00000000   Number         0  stubs.o ABSOLUTE
    _printf_mbtowc                           0x00000000   Number         0  stubs.o ABSOLUTE
    _printf_n                                0x00000000   Number         0  stubs.o ABSOLUTE
    _printf_o                                0x00000000   Number         0  stubs.o ABSOLUTE
    _printf_p                                0x00000000   Number         0  stubs.o ABSOLUTE
    _printf_percent                          0x00000000   Number         0  stubs.o ABSOLUTE
    _printf_pre_padding                      0x00000000   Number         0  stubs.o ABSOLUTE
    _printf_return_value                     0x00000000   Number         0  stubs.o ABSOLUTE
    _printf_s                                0x00000000   Number         0  stubs.o ABSOLUTE
    _printf_sizespec                         0x00000000   Number         0  stubs.o ABSOLUTE
    _printf_str                              0x00000000   Number         0  stubs.o ABSOLUTE
    _printf_truncate_signed                  0x00000000   Number         0  stubs.o ABSOLUTE
    _printf_truncate_unsigned                0x00000000   Number         0  stubs.o ABSOLUTE
    _printf_u                                0x00000000   Number         0  stubs.o ABSOLUTE
    _printf_wc                               0x00000000   Number         0  stubs.o ABSOLUTE
    _printf_wctomb                           0x00000000   Number         0  stubs.o ABSOLUTE
    _printf_widthprec                        0x00000000   Number         0  stubs.o ABSOLUTE
    _printf_x                                0x00000000   Number         0  stubs.o ABSOLUTE
    __cpp_initialize__aeabi_                  - Undefined Weak Reference
    __cxa_finalize                            - Undefined Weak Reference
    __decompress                              - Undefined Weak Reference
    _clock_init                               - Undefined Weak Reference
    _microlib_exit                            - Undefined Weak Reference
    __Vectors_Size                           0x000001b4   Number         0  startup_stm32f469xx.o ABSOLUTE
    __Vectors                                0x08000000   Data           4  startup_stm32f469xx.o(RESET)
    __Vectors_End                            0x080001b4   Data           0  startup_stm32f469xx.o(RESET)
    __main                                   0x080001b5   Thumb Code     0  entry.o(.ARM.Collect$$$$00000000)
    _main_stk                                0x080001b5   Thumb Code     0  entry2.o(.ARM.Collect$$$$00000001)
    _main_scatterload                        0x080001b9   Thumb Code     0  entry5.o(.ARM.Collect$$$$00000004)
    __main_after_scatterload                 0x080001bd   Thumb Code     0  entry5.o(.ARM.Collect$$$$00000004)
    _main_clock                              0x080001bd   Thumb Code     0  entry7b.o(.ARM.Collect$$$$00000008)
    _main_cpp_init                           0x080001bd   Thumb Code     0  entry8b.o(.ARM.Collect$$$$0000000A)
    _main_init                               0x080001bd   Thumb Code     0  entry9a.o(.ARM.Collect$$$$0000000B)
    __rt_final_cpp                           0x080001c5   Thumb Code     0  entry10a.o(.ARM.Collect$$$$0000000D)
    __rt_final_exit                          0x080001c5   Thumb Code     0  entry11a.o(.ARM.Collect$$$$0000000F)
    Reset_Handler                            0x080001c9   Thumb Code     8  startup_stm32f469xx.o(.text)
    NMI_Handler                              0x080001d1   Thumb Code     2  startup_stm32f469xx.o(.text)
    HardFault_Handler                        0x080001d3   Thumb Code     2  startup_stm32f469xx.o(.text)
    MemManage_Handler                        0x080001d5   Thumb Code     2  startup_stm32f469xx.o(.text)
    BusFault_Handler                         0x080001d7   Thumb Code     2  startup_stm32f469xx.o(.text)
    UsageFault_Handler                       0x080001d9   Thumb Code     2  startup_stm32f469xx.o(.text)
    SVC_Handler                              0x080001db   Thumb Code     2  startup_stm32f469xx.o(.text)
    DebugMon_Handler                         0x080001dd   Thumb Code     2  startup_stm32f469xx.o(.text)
    PendSV_Handler                           0x080001df   Thumb Code     2  startup_stm32f469xx.o(.text)
    ADC_IRQHandler                           0x080001e3   Thumb Code     0  startup_stm32f469xx.o(.text)
    CAN1_RX0_IRQHandler                      0x080001e3   Thumb Code     0  startup_stm32f469xx.o(.text)
    CAN1_RX1_IRQHandler                      0x080001e3   Thumb Code     0  startup_stm32f469xx.o(.text)
    CAN1_SCE_IRQHandler                      0x080001e3   Thumb Code     0  startup_stm32f469xx.o(.text)
    CAN1_TX_IRQHandler                       0x080001e3   Thumb Code     0  startup_stm32f469xx.o(.text)
    CAN2_RX0_IRQHandler                      0x080001e3   Thumb Code     0  startup_stm32f469xx.o(.text)
    CAN2_RX1_IRQHandler                      0x080001e3   Thumb Code     0  startup_stm32f469xx.o(.text)
    CAN2_SCE_IRQHandler                      0x080001e3   Thumb Code     0  startup_stm32f469xx.o(.text)
    CAN2_TX_IRQHandler                       0x080001e3   Thumb Code     0  startup_stm32f469xx.o(.text)
    DCMI_IRQHandler                          0x080001e3   Thumb Code     0  startup_stm32f469xx.o(.text)
    DMA1_Stream0_IRQHandler                  0x080001e3   Thumb Code     0  startup_stm32f469xx.o(.text)
    DMA1_Stream1_IRQHandler                  0x080001e3   Thumb Code     0  startup_stm32f469xx.o(.text)
    DMA1_Stream2_IRQHandler                  0x080001e3   Thumb Code     0  startup_stm32f469xx.o(.text)
    DMA1_Stream3_IRQHandler                  0x080001e3   Thumb Code     0  startup_stm32f469xx.o(.text)
    DMA1_Stream4_IRQHandler                  0x080001e3   Thumb Code     0  startup_stm32f469xx.o(.text)
    DMA1_Stream5_IRQHandler                  0x080001e3   Thumb Code     0  startup_stm32f469xx.o(.text)
    DMA1_Stream6_IRQHandler                  0x080001e3   Thumb Code     0  startup_stm32f469xx.o(.text)
    DMA1_Stream7_IRQHandler                  0x080001e3   Thumb Code     0  startup_stm32f469xx.o(.text)
    DMA2D_IRQHandler                         0x080001e3   Thumb Code     0  startup_stm32f469xx.o(.text)
    DMA2_Stream0_IRQHandler                  0x080001e3   Thumb Code     0  startup_stm32f469xx.o(.text)
    DMA2_Stream1_IRQHandler                  0x080001e3   Thumb Code     0  startup_stm32f469xx.o(.text)
    DMA2_Stream2_IRQHandler                  0x080001e3   Thumb Code     0  startup_stm32f469xx.o(.text)
    DMA2_Stream3_IRQHandler                  0x080001e3   Thumb Code     0  startup_stm32f469xx.o(.text)
    DMA2_Stream4_IRQHandler                  0x080001e3   Thumb Code     0  startup_stm32f469xx.o(.text)
    DMA2_Stream5_IRQHandler                  0x080001e3   Thumb Code     0  startup_stm32f469xx.o(.text)
    DMA2_Stream6_IRQHandler                  0x080001e3   Thumb Code     0  startup_stm32f469xx.o(.text)
    DMA2_Stream7_IRQHandler                  0x080001e3   Thumb Code     0  startup_stm32f469xx.o(.text)
    DSI_IRQHandler                           0x080001e3   Thumb Code     0  startup_stm32f469xx.o(.text)
    ETH_IRQHandler                           0x080001e3   Thumb Code     0  startup_stm32f469xx.o(.text)
    ETH_WKUP_IRQHandler                      0x080001e3   Thumb Code     0  startup_stm32f469xx.o(.text)
    EXTI0_IRQHandler                         0x080001e3   Thumb Code     0  startup_stm32f469xx.o(.text)
    EXTI15_10_IRQHandler                     0x080001e3   Thumb Code     0  startup_stm32f469xx.o(.text)
    EXTI2_IRQHandler                         0x080001e3   Thumb Code     0  startup_stm32f469xx.o(.text)
    EXTI3_IRQHandler                         0x080001e3   Thumb Code     0  startup_stm32f469xx.o(.text)
    EXTI4_IRQHandler                         0x080001e3   Thumb Code     0  startup_stm32f469xx.o(.text)
    EXTI9_5_IRQHandler                       0x080001e3   Thumb Code     0  startup_stm32f469xx.o(.text)
    FLASH_IRQHandler                         0x080001e3   Thumb Code     0  startup_stm32f469xx.o(.text)
    FMC_IRQHandler                           0x080001e3   Thumb Code     0  startup_stm32f469xx.o(.text)
    FPU_IRQHandler                           0x080001e3   Thumb Code     0  startup_stm32f469xx.o(.text)
    HASH_RNG_IRQHandler                      0x080001e3   Thumb Code     0  startup_stm32f469xx.o(.text)
    I2C1_ER_IRQHandler                       0x080001e3   Thumb Code     0  startup_stm32f469xx.o(.text)
    I2C2_ER_IRQHandler                       0x080001e3   Thumb Code     0  startup_stm32f469xx.o(.text)
    I2C2_EV_IRQHandler                       0x080001e3   Thumb Code     0  startup_stm32f469xx.o(.text)
    I2C3_ER_IRQHandler                       0x080001e3   Thumb Code     0  startup_stm32f469xx.o(.text)
    I2C3_EV_IRQHandler                       0x080001e3   Thumb Code     0  startup_stm32f469xx.o(.text)
    LTDC_ER_IRQHandler                       0x080001e3   Thumb Code     0  startup_stm32f469xx.o(.text)
    LTDC_IRQHandler                          0x080001e3   Thumb Code     0  startup_stm32f469xx.o(.text)
    OTG_FS_IRQHandler                        0x080001e3   Thumb Code     0  startup_stm32f469xx.o(.text)
    OTG_FS_WKUP_IRQHandler                   0x080001e3   Thumb Code     0  startup_stm32f469xx.o(.text)
    OTG_HS_EP1_IN_IRQHandler                 0x080001e3   Thumb Code     0  startup_stm32f469xx.o(.text)
    OTG_HS_EP1_OUT_IRQHandler                0x080001e3   Thumb Code     0  startup_stm32f469xx.o(.text)
    OTG_HS_IRQHandler                        0x080001e3   Thumb Code     0  startup_stm32f469xx.o(.text)
    OTG_HS_WKUP_IRQHandler                   0x080001e3   Thumb Code     0  startup_stm32f469xx.o(.text)
    PVD_IRQHandler                           0x080001e3   Thumb Code     0  startup_stm32f469xx.o(.text)
    QUADSPI_IRQHandler                       0x080001e3   Thumb Code     0  startup_stm32f469xx.o(.text)
    RCC_IRQHandler                           0x080001e3   Thumb Code     0  startup_stm32f469xx.o(.text)
    RTC_Alarm_IRQHandler                     0x080001e3   Thumb Code     0  startup_stm32f469xx.o(.text)
    RTC_WKUP_IRQHandler                      0x080001e3   Thumb Code     0  startup_stm32f469xx.o(.text)
    SAI1_IRQHandler                          0x080001e3   Thumb Code     0  startup_stm32f469xx.o(.text)
    SDIO_IRQHandler                          0x080001e3   Thumb Code     0  startup_stm32f469xx.o(.text)
    SPI1_IRQHandler                          0x080001e3   Thumb Code     0  startup_stm32f469xx.o(.text)
    SPI2_IRQHandler                          0x080001e3   Thumb Code     0  startup_stm32f469xx.o(.text)
    SPI3_IRQHandler                          0x080001e3   Thumb Code     0  startup_stm32f469xx.o(.text)
    SPI4_IRQHandler                          0x080001e3   Thumb Code     0  startup_stm32f469xx.o(.text)
    SPI5_IRQHandler                          0x080001e3   Thumb Code     0  startup_stm32f469xx.o(.text)
    SPI6_IRQHandler                          0x080001e3   Thumb Code     0  startup_stm32f469xx.o(.text)
    TAMP_STAMP_IRQHandler                    0x080001e3   Thumb Code     0  startup_stm32f469xx.o(.text)
    TIM1_BRK_TIM9_IRQHandler                 0x080001e3   Thumb Code     0  startup_stm32f469xx.o(.text)
    TIM1_CC_IRQHandler                       0x080001e3   Thumb Code     0  startup_stm32f469xx.o(.text)
    TIM1_TRG_COM_TIM11_IRQHandler            0x080001e3   Thumb Code     0  startup_stm32f469xx.o(.text)
    TIM1_UP_TIM10_IRQHandler                 0x080001e3   Thumb Code     0  startup_stm32f469xx.o(.text)
    TIM2_IRQHandler                          0x080001e3   Thumb Code     0  startup_stm32f469xx.o(.text)
    TIM3_IRQHandler                          0x080001e3   Thumb Code     0  startup_stm32f469xx.o(.text)
    TIM4_IRQHandler                          0x080001e3   Thumb Code     0  startup_stm32f469xx.o(.text)
    TIM5_IRQHandler                          0x080001e3   Thumb Code     0  startup_stm32f469xx.o(.text)
    TIM6_DAC_IRQHandler                      0x080001e3   Thumb Code     0  startup_stm32f469xx.o(.text)
    TIM7_IRQHandler                          0x080001e3   Thumb Code     0  startup_stm32f469xx.o(.text)
    TIM8_BRK_TIM12_IRQHandler                0x080001e3   Thumb Code     0  startup_stm32f469xx.o(.text)
    TIM8_CC_IRQHandler                       0x080001e3   Thumb Code     0  startup_stm32f469xx.o(.text)
    TIM8_TRG_COM_TIM14_IRQHandler            0x080001e3   Thumb Code     0  startup_stm32f469xx.o(.text)
    TIM8_UP_TIM13_IRQHandler                 0x080001e3   Thumb Code     0  startup_stm32f469xx.o(.text)
    UART4_IRQHandler                         0x080001e3   Thumb Code     0  startup_stm32f469xx.o(.text)
    UART5_IRQHandler                         0x080001e3   Thumb Code     0  startup_stm32f469xx.o(.text)
    UART7_IRQHandler                         0x080001e3   Thumb Code     0  startup_stm32f469xx.o(.text)
    UART8_IRQHandler                         0x080001e3   Thumb Code     0  startup_stm32f469xx.o(.text)
    USART1_IRQHandler                        0x080001e3   Thumb Code     0  startup_stm32f469xx.o(.text)
    USART2_IRQHandler                        0x080001e3   Thumb Code     0  startup_stm32f469xx.o(.text)
    USART6_IRQHandler                        0x080001e3   Thumb Code     0  startup_stm32f469xx.o(.text)
    WWDG_IRQHandler                          0x080001e3   Thumb Code     0  startup_stm32f469xx.o(.text)
    __aeabi_uldivmod                         0x080001ed   Thumb Code    98  uldiv.o(.text)
    __aeabi_memcpy                           0x0800024f   Thumb Code    36  memcpya.o(.text)
    __aeabi_memcpy4                          0x0800024f   Thumb Code     0  memcpya.o(.text)
    __aeabi_memcpy8                          0x0800024f   Thumb Code     0  memcpya.o(.text)
    __aeabi_llsl                             0x08000273   Thumb Code    30  llshl.o(.text)
    _ll_shift_l                              0x08000273   Thumb Code     0  llshl.o(.text)
    __aeabi_llsr                             0x08000291   Thumb Code    32  llushr.o(.text)
    _ll_ushift_r                             0x08000291   Thumb Code     0  llushr.o(.text)
    __scatterload                            0x080002b1   Thumb Code    28  init.o(.text)
    __scatterload_rt2                        0x080002b1   Thumb Code     0  init.o(.text)
    BSP_LCD_Clear                            0x080002d5   Thumb Code    38  stm32469i_discovery_lcd.o(i.BSP_LCD_Clear)
    BSP_LCD_DrawPixel                        0x08000305   Thumb Code    34  stm32469i_discovery_lcd.o(i.BSP_LCD_DrawPixel)
    BSP_LCD_Init                             0x08000331   Thumb Code     6  stm32469i_discovery_lcd.o(i.BSP_LCD_Init)
    BSP_LCD_InitEx                           0x08000339   Thumb Code   380  stm32469i_discovery_lcd.o(i.BSP_LCD_InitEx)
    BSP_LCD_LayerDefaultInit                 0x080004d1   Thumb Code   104  stm32469i_discovery_lcd.o(i.BSP_LCD_LayerDefaultInit)
    BSP_LCD_MspInit                          0x08000541   Thumb Code   164  stm32469i_discovery_lcd.o(i.BSP_LCD_MspInit)
    BSP_LCD_Reset                            0x080005e9   Thumb Code    84  stm32469i_discovery_lcd.o(i.BSP_LCD_Reset)
    BSP_LCD_SelectLayer                      0x08000645   Thumb Code     6  stm32469i_discovery_lcd.o(i.BSP_LCD_SelectLayer)
    BSP_LCD_SetFont                          0x08000651   Thumb Code    18  stm32469i_discovery_lcd.o(i.BSP_LCD_SetFont)
    BSP_LED_Init                             0x0800066d   Thumb Code   128  stm32469i_discovery.o(i.BSP_LED_Init)
    BSP_LED_Toggle                           0x080006f5   Thumb Code    26  stm32469i_discovery.o(i.BSP_LED_Toggle)
    BSP_SDRAM_Init                           0x08000715   Thumb Code   106  stm32469i_discovery_sdram.o(i.BSP_SDRAM_Init)
    BSP_SDRAM_Initialization_sequence        0x0800078d   Thumb Code   134  stm32469i_discovery_sdram.o(i.BSP_SDRAM_Initialization_sequence)
    BSP_SDRAM_MspInit                        0x08000819   Thumb Code   352  stm32469i_discovery_sdram.o(i.BSP_SDRAM_MspInit)
    DSI_IO_WriteCmd                          0x08000ac9   Thumb Code    44  stm32469i_discovery_lcd.o(i.DSI_IO_WriteCmd)
    EXTI1_IRQHandler                         0x08000af9   Thumb Code     6  stm32f4xx_it.o(i.EXTI1_IRQHandler)
    FMC_SDRAM_Init                           0x08000aff   Thumb Code    80  stm32f4xx_ll_fmc.o(i.FMC_SDRAM_Init)
    FMC_SDRAM_ProgramRefreshRate             0x08000b4f   Thumb Code    12  stm32f4xx_ll_fmc.o(i.FMC_SDRAM_ProgramRefreshRate)
    FMC_SDRAM_SendCommand                    0x08000b5b   Thumb Code    72  stm32f4xx_ll_fmc.o(i.FMC_SDRAM_SendCommand)
    FMC_SDRAM_Timing_Init                    0x08000ba5   Thumb Code   124  stm32f4xx_ll_fmc.o(i.FMC_SDRAM_Timing_Init)
    HAL_DMA2D_ConfigLayer                    0x08000c25   Thumb Code   162  stm32f4xx_hal_dma2d.o(i.HAL_DMA2D_ConfigLayer)
    HAL_DMA2D_Init                           0x08000ccd   Thumb Code    90  stm32f4xx_hal_dma2d.o(i.HAL_DMA2D_Init)
    HAL_DMA2D_MspInit                        0x08000d29   Thumb Code    30  stm32f4xx_hal_msp.o(i.HAL_DMA2D_MspInit)
    HAL_DMA2D_PollForTransfer                0x08000d51   Thumb Code   268  stm32f4xx_hal_dma2d.o(i.HAL_DMA2D_PollForTransfer)
    HAL_DMA2D_Start                          0x08000e5d   Thumb Code    52  stm32f4xx_hal_dma2d.o(i.HAL_DMA2D_Start)
    HAL_DMA_Abort_IT                         0x08000e91   Thumb Code    36  stm32f4xx_hal_dma.o(i.HAL_DMA_Abort_IT)
    HAL_DMA_DeInit                           0x08000eb5   Thumb Code    86  stm32f4xx_hal_dma.o(i.HAL_DMA_DeInit)
    HAL_DMA_Init                             0x08000f0d   Thumb Code   206  stm32f4xx_hal_dma.o(i.HAL_DMA_Init)
    HAL_DSI_ConfigErrorMonitor               0x08000fe1   Thumb Code   200  stm32f4xx_hal_dsi.o(i.HAL_DSI_ConfigErrorMonitor)
    HAL_DSI_ConfigFlowControl                0x080010a9   Thumb Code    40  stm32f4xx_hal_dsi.o(i.HAL_DSI_ConfigFlowControl)
    HAL_DSI_ConfigHostTimeouts               0x080010d1   Thumb Code   226  stm32f4xx_hal_dsi.o(i.HAL_DSI_ConfigHostTimeouts)
    HAL_DSI_ConfigPhyTimer                   0x080011b3   Thumb Code   122  stm32f4xx_hal_dsi.o(i.HAL_DSI_ConfigPhyTimer)
    HAL_DSI_ConfigVideoMode                  0x0800122d   Thumb Code   598  stm32f4xx_hal_dsi.o(i.HAL_DSI_ConfigVideoMode)
    HAL_DSI_DeInit                           0x08001483   Thumb Code   138  stm32f4xx_hal_dsi.o(i.HAL_DSI_DeInit)
    HAL_DSI_Init                             0x0800150d   Thumb Code   360  stm32f4xx_hal_dsi.o(i.HAL_DSI_Init)
    HAL_DSI_LongWrite                        0x0800167d   Thumb Code   194  stm32f4xx_hal_dsi.o(i.HAL_DSI_LongWrite)
    HAL_DSI_MspDeInit                        0x08001741   Thumb Code    28  stm32f4xx_hal_msp.o(i.HAL_DSI_MspDeInit)
    HAL_DSI_MspInit                          0x08001769   Thumb Code    60  stm32f4xx_hal_msp.o(i.HAL_DSI_MspInit)
    HAL_DSI_SetGenericVCID                   0x080017b1   Thumb Code    40  stm32f4xx_hal_dsi.o(i.HAL_DSI_SetGenericVCID)
    HAL_DSI_SetLowPowerRXFilter              0x080017d9   Thumb Code    50  stm32f4xx_hal_dsi.o(i.HAL_DSI_SetLowPowerRXFilter)
    HAL_DSI_ShortWrite                       0x0800180d   Thumb Code    94  stm32f4xx_hal_dsi.o(i.HAL_DSI_ShortWrite)
    HAL_DSI_Start                            0x0800186b   Thumb Code    68  stm32f4xx_hal_dsi.o(i.HAL_DSI_Start)
    HAL_Delay                                0x080018b1   Thumb Code    32  stm32f4xx_hal.o(i.HAL_Delay)
    HAL_GPIO_DeInit                          0x080019dd   Thumb Code   320  stm32f4xx_hal_gpio.o(i.HAL_GPIO_DeInit)
    HAL_GPIO_EXTI_Callback                   0x08001b4d   Thumb Code    62  main.o(i.HAL_GPIO_EXTI_Callback)
    HAL_GPIO_EXTI_IRQHandler                 0x08001b95   Thumb Code    18  stm32f4xx_hal_gpio.o(i.HAL_GPIO_EXTI_IRQHandler)
    HAL_GPIO_Init                            0x08001bad   Thumb Code   408  stm32f4xx_hal_gpio.o(i.HAL_GPIO_Init)
    HAL_GPIO_ReadPin                         0x08001d79   Thumb Code    10  stm32f4xx_hal_gpio.o(i.HAL_GPIO_ReadPin)
    HAL_GPIO_TogglePin                       0x08001d83   Thumb Code     8  stm32f4xx_hal_gpio.o(i.HAL_GPIO_TogglePin)
    HAL_GPIO_WritePin                        0x08001d8b   Thumb Code    10  stm32f4xx_hal_gpio.o(i.HAL_GPIO_WritePin)
    HAL_GetTick                              0x08001d95   Thumb Code     6  stm32f4xx_hal.o(i.HAL_GetTick)
    HAL_I2C_AbortCpltCallback                0x08001da1   Thumb Code     2  stm32f4xx_hal_i2c.o(i.HAL_I2C_AbortCpltCallback)
    HAL_I2C_AddrCallback                     0x08001da3   Thumb Code     2  stm32f4xx_hal_i2c.o(i.HAL_I2C_AddrCallback)
    HAL_I2C_EV_IRQHandler                    0x08001da5   Thumb Code   486  stm32f4xx_hal_i2c.o(i.HAL_I2C_EV_IRQHandler)
    HAL_I2C_ErrorCallback                    0x08001f95   Thumb Code     2  stm32f4xx_hal_i2c.o(i.HAL_I2C_ErrorCallback)
    HAL_I2C_Init                             0x08001f99   Thumb Code   254  stm32f4xx_hal_i2c.o(i.HAL_I2C_Init)
    HAL_I2C_ListenCpltCallback               0x080020a1   Thumb Code     2  stm32f4xx_hal_i2c.o(i.HAL_I2C_ListenCpltCallback)
    HAL_I2C_MasterRxCpltCallback             0x080020a3   Thumb Code     2  stm32f4xx_hal_i2c.o(i.HAL_I2C_MasterRxCpltCallback)
    HAL_I2C_MasterTxCpltCallback             0x080020a5   Thumb Code     2  stm32f4xx_hal_i2c.o(i.HAL_I2C_MasterTxCpltCallback)
    HAL_I2C_MemRxCpltCallback                0x080020a7   Thumb Code     2  stm32f4xx_hal_i2c.o(i.HAL_I2C_MemRxCpltCallback)
    HAL_I2C_MemTxCpltCallback                0x080020a9   Thumb Code     2  stm32f4xx_hal_i2c.o(i.HAL_I2C_MemTxCpltCallback)
    HAL_I2C_MspInit                          0x080020ad   Thumb Code    80  stm32f4xx_hal_msp.o(i.HAL_I2C_MspInit)
    HAL_I2C_SlaveRxCpltCallback              0x08002109   Thumb Code     2  stm32f4xx_hal_i2c.o(i.HAL_I2C_SlaveRxCpltCallback)
    HAL_I2C_SlaveTxCpltCallback              0x0800210b   Thumb Code     2  stm32f4xx_hal_i2c.o(i.HAL_I2C_SlaveTxCpltCallback)
    HAL_IncTick                              0x0800210d   Thumb Code    12  stm32f4xx_hal.o(i.HAL_IncTick)
    HAL_Init                                 0x0800211d   Thumb Code    48  stm32f4xx_hal.o(i.HAL_Init)
    HAL_InitTick                             0x08002151   Thumb Code    54  stm32f4xx_hal.o(i.HAL_InitTick)
    HAL_LTDCEx_StructInitFromVideoConfig     0x08002191   Thumb Code    90  stm32f4xx_hal_ltdc_ex.o(i.HAL_LTDCEx_StructInitFromVideoConfig)
    HAL_LTDC_ConfigLayer                     0x080021eb   Thumb Code    82  stm32f4xx_hal_ltdc.o(i.HAL_LTDC_ConfigLayer)
    HAL_LTDC_Init                            0x0800223d   Thumb Code   238  stm32f4xx_hal_ltdc.o(i.HAL_LTDC_Init)
    HAL_LTDC_MspInit                         0x08002331   Thumb Code    30  stm32f4xx_hal_msp.o(i.HAL_LTDC_MspInit)
    HAL_MspInit                              0x08002359   Thumb Code   126  stm32f4xx_hal_msp.o(i.HAL_MspInit)
    HAL_NVIC_EnableIRQ                       0x080023dd   Thumb Code    22  stm32f4xx_hal_cortex.o(i.HAL_NVIC_EnableIRQ)
    HAL_NVIC_SetPriority                     0x080023f5   Thumb Code    60  stm32f4xx_hal_cortex.o(i.HAL_NVIC_SetPriority)
    HAL_NVIC_SetPriorityGrouping             0x08002435   Thumb Code    26  stm32f4xx_hal_cortex.o(i.HAL_NVIC_SetPriorityGrouping)
    HAL_PWREx_EnableOverDrive                0x08002459   Thumb Code    98  stm32f4xx_hal_pwr_ex.o(i.HAL_PWREx_EnableOverDrive)
    HAL_RCCEx_PeriphCLKConfig                0x080024c9   Thumb Code   704  stm32f4xx_hal_rcc_ex.o(i.HAL_RCCEx_PeriphCLKConfig)
    HAL_RCC_ClockConfig                      0x080027b1   Thumb Code   286  stm32f4xx_hal_rcc.o(i.HAL_RCC_ClockConfig)
    HAL_RCC_GetHCLKFreq                      0x080028e1   Thumb Code     6  stm32f4xx_hal_rcc.o(i.HAL_RCC_GetHCLKFreq)
    HAL_RCC_GetPCLK1Freq                     0x080028ed   Thumb Code    20  stm32f4xx_hal_rcc.o(i.HAL_RCC_GetPCLK1Freq)
    HAL_RCC_GetPCLK2Freq                     0x0800290d   Thumb Code    20  stm32f4xx_hal_rcc.o(i.HAL_RCC_GetPCLK2Freq)
    HAL_RCC_GetSysClockFreq                  0x0800292d   Thumb Code    88  stm32f4xx_hal_rcc.o(i.HAL_RCC_GetSysClockFreq)
    HAL_RCC_OscConfig                        0x0800298d   Thumb Code   778  stm32f4xx_hal_rcc_ex.o(i.HAL_RCC_OscConfig)
    HAL_SDRAM_Init                           0x08002cb1   Thumb Code    66  stm32f4xx_hal_sdram.o(i.HAL_SDRAM_Init)
    HAL_SDRAM_MspInit                        0x08002cf3   Thumb Code     4  stm32f4xx_hal_msp.o(i.HAL_SDRAM_MspInit)
    HAL_SDRAM_ProgramRefreshRate             0x08002cf7   Thumb Code    34  stm32f4xx_hal_sdram.o(i.HAL_SDRAM_ProgramRefreshRate)
    HAL_SDRAM_SendCommand                    0x08002d19   Thumb Code    48  stm32f4xx_hal_sdram.o(i.HAL_SDRAM_SendCommand)
    HAL_SYSTICK_CLKSourceConfig              0x08002d49   Thumb Code    24  stm32f4xx_hal_cortex.o(i.HAL_SYSTICK_CLKSourceConfig)
    HAL_SYSTICK_Callback                     0x08002d61   Thumb Code     2  stm32f4xx_hal_cortex.o(i.HAL_SYSTICK_Callback)
    HAL_SYSTICK_Config                       0x08002d63   Thumb Code    40  stm32f4xx_hal_cortex.o(i.HAL_SYSTICK_Config)
    HAL_SYSTICK_IRQHandler                   0x08002d8b   Thumb Code     8  stm32f4xx_hal_cortex.o(i.HAL_SYSTICK_IRQHandler)
    HAL_UART_ErrorCallback                   0x08002d93   Thumb Code     2  stm32f4xx_hal_uart.o(i.HAL_UART_ErrorCallback)
    HAL_UART_IRQHandler                      0x08002d95   Thumb Code   266  stm32f4xx_hal_uart.o(i.HAL_UART_IRQHandler)
    HAL_UART_Init                            0x08002ea5   Thumb Code    98  stm32f4xx_hal_uart.o(i.HAL_UART_Init)
    HAL_UART_MspInit                         0x08002f09   Thumb Code    80  stm32f4xx_hal_msp.o(i.HAL_UART_MspInit)
    HAL_UART_RxCpltCallback                  0x08002f65   Thumb Code     2  stm32f4xx_hal_uart.o(i.HAL_UART_RxCpltCallback)
    HAL_UART_Transmit                        0x08002f67   Thumb Code   186  stm32f4xx_hal_uart.o(i.HAL_UART_Transmit)
    HAL_UART_TxCpltCallback                  0x08003021   Thumb Code     2  stm32f4xx_hal_uart.o(i.HAL_UART_TxCpltCallback)
    I2C1_EV_IRQHandler                       0x08003025   Thumb Code     6  stm32f4xx_it.o(i.I2C1_EV_IRQHandler)
    I2C_ReadByte                             0x080035c1   Thumb Code   266  sccb.o(i.I2C_ReadByte)
    I2C_WriteByte                            0x08003925   Thumb Code    64  sccb.o(i.I2C_WriteByte)
    OTM8009A_IO_Delay                        0x08004181   Thumb Code     4  stm32469i_discovery.o(i.OTM8009A_IO_Delay)
    OTM8009A_Init                            0x08004185   Thumb Code  1044  otm8009a.o(i.OTM8009A_Init)
    SysTick_Handler                          0x0800459d   Thumb Code    20  stm32f4xx_it.o(i.SysTick_Handler)
    SystemClock_Config                       0x080045b5   Thumb Code   182  main.o(i.SystemClock_Config)
    SystemInit                               0x08004675   Thumb Code    66  system_stm32f4xx.o(i.SystemInit)
    USART3_IRQHandler                        0x08004af5   Thumb Code     6  stm32f4xx_it.o(i.USART3_IRQHandler)
    __0printf$5                              0x08004b01   Thumb Code    22  printf5.o(i.__0printf$5)
    __1printf$5                              0x08004b01   Thumb Code     0  printf5.o(i.__0printf$5)
    __2printf                                0x08004b01   Thumb Code     0  printf5.o(i.__0printf$5)
    __scatterload_copy                       0x08004b21   Thumb Code    14  handlers.o(i.__scatterload_copy)
    __scatterload_null                       0x08004b2f   Thumb Code     2  handlers.o(i.__scatterload_null)
    __scatterload_zeroinit                   0x08004b31   Thumb Code    14  handlers.o(i.__scatterload_zeroinit)
    fputc                                    0x08004e01   Thumb Code    20  main.o(i.fputc)
    main                                     0x08004e19   Thumb Code   790  main.o(i.main)
    Font24_Table                             0x08005160   Data        6840  stm32469i_discovery_lcd.o(.constdata)
    AHBPrescTable                            0x08006c20   Data          16  system_stm32f4xx.o(.constdata)
    APBPrescTable                            0x08006c30   Data           8  system_stm32f4xx.o(.constdata)
    ShortRegData1                            0x08006c38   Data           2  otm8009a.o(.constdata)
    ShortRegData2                            0x08006c3a   Data           2  otm8009a.o(.constdata)
    ShortRegData3                            0x08006c3c   Data           2  otm8009a.o(.constdata)
    ShortRegData4                            0x08006c3e   Data           2  otm8009a.o(.constdata)
    ShortRegData5                            0x08006c40   Data           2  otm8009a.o(.constdata)
    ShortRegData6                            0x08006c42   Data           2  otm8009a.o(.constdata)
    ShortRegData7                            0x08006c44   Data           2  otm8009a.o(.constdata)
    ShortRegData8                            0x08006c46   Data           2  otm8009a.o(.constdata)
    ShortRegData9                            0x08006c48   Data           2  otm8009a.o(.constdata)
    ShortRegData10                           0x08006c4a   Data           2  otm8009a.o(.constdata)
    ShortRegData11                           0x08006c4c   Data           2  otm8009a.o(.constdata)
    ShortRegData12                           0x08006c4e   Data           2  otm8009a.o(.constdata)
    ShortRegData13                           0x08006c50   Data           2  otm8009a.o(.constdata)
    ShortRegData14                           0x08006c52   Data           2  otm8009a.o(.constdata)
    ShortRegData15                           0x08006c54   Data           2  otm8009a.o(.constdata)
    ShortRegData16                           0x08006c56   Data           2  otm8009a.o(.constdata)
    ShortRegData17                           0x08006c58   Data           2  otm8009a.o(.constdata)
    ShortRegData18                           0x08006c5a   Data           2  otm8009a.o(.constdata)
    ShortRegData19                           0x08006c5c   Data           2  otm8009a.o(.constdata)
    ShortRegData20                           0x08006c5e   Data           2  otm8009a.o(.constdata)
    ShortRegData21                           0x08006c60   Data           2  otm8009a.o(.constdata)
    ShortRegData22                           0x08006c62   Data           2  otm8009a.o(.constdata)
    ShortRegData23                           0x08006c64   Data           2  otm8009a.o(.constdata)
    ShortRegData24                           0x08006c66   Data           2  otm8009a.o(.constdata)
    ShortRegData25                           0x08006c68   Data           2  otm8009a.o(.constdata)
    ShortRegData26                           0x08006c6a   Data           2  otm8009a.o(.constdata)
    ShortRegData27                           0x08006c6c   Data           2  otm8009a.o(.constdata)
    ShortRegData28                           0x08006c6e   Data           2  otm8009a.o(.constdata)
    ShortRegData29                           0x08006c70   Data           2  otm8009a.o(.constdata)
    ShortRegData30                           0x08006c72   Data           2  otm8009a.o(.constdata)
    ShortRegData31                           0x08006c74   Data           2  otm8009a.o(.constdata)
    ShortRegData32                           0x08006c76   Data           2  otm8009a.o(.constdata)
    ShortRegData33                           0x08006c78   Data           2  otm8009a.o(.constdata)
    ShortRegData34                           0x08006c7a   Data           2  otm8009a.o(.constdata)
    ShortRegData35                           0x08006c7c   Data           2  otm8009a.o(.constdata)
    ShortRegData36                           0x08006c7e   Data           2  otm8009a.o(.constdata)
    ShortRegData37                           0x08006c80   Data           2  otm8009a.o(.constdata)
    ShortRegData38                           0x08006c82   Data           2  otm8009a.o(.constdata)
    ShortRegData39                           0x08006c84   Data           2  otm8009a.o(.constdata)
    ShortRegData40                           0x08006c86   Data           2  otm8009a.o(.constdata)
    ShortRegData41                           0x08006c88   Data           2  otm8009a.o(.constdata)
    ShortRegData42                           0x08006c8a   Data           2  otm8009a.o(.constdata)
    ShortRegData43                           0x08006c8c   Data           2  otm8009a.o(.constdata)
    ShortRegData44                           0x08006c8e   Data           2  otm8009a.o(.constdata)
    ShortRegData45                           0x08006c90   Data           2  otm8009a.o(.constdata)
    ShortRegData46                           0x08006c92   Data           2  otm8009a.o(.constdata)
    ShortRegData47                           0x08006c94   Data           2  otm8009a.o(.constdata)
    ShortRegData48                           0x08006c96   Data           2  otm8009a.o(.constdata)
    ShortRegData49                           0x08006c98   Data           2  otm8009a.o(.constdata)
    ShortRegData50                           0x08006c9a   Data           2  otm8009a.o(.constdata)
    ShortRegData51                           0x08006c9c   Data           2  otm8009a.o(.constdata)
    lcdRegData2                              0x08006c9e   Data           3  otm8009a.o(.constdata)
    lcdRegData5                              0x08006ca1   Data           3  otm8009a.o(.constdata)
    lcdRegData6                              0x08006ca4   Data           3  otm8009a.o(.constdata)
    lcdRegData1                              0x08006ca7   Data           4  otm8009a.o(.constdata)
    lcdRegData25                             0x08006cab   Data           4  otm8009a.o(.constdata)
    lcdRegData27                             0x08006caf   Data           5  otm8009a.o(.constdata)
    lcdRegData28                             0x08006cb4   Data           5  otm8009a.o(.constdata)
    lcdRegData7                              0x08006cb9   Data           7  otm8009a.o(.constdata)
    lcdRegData3                              0x08006cc0   Data          17  otm8009a.o(.constdata)
    lcdRegData4                              0x08006cd1   Data          17  otm8009a.o(.constdata)
    lcdRegData8                              0x08006ce2   Data          15  otm8009a.o(.constdata)
    lcdRegData9                              0x08006cf1   Data          15  otm8009a.o(.constdata)
    lcdRegData10                             0x08006d00   Data          11  otm8009a.o(.constdata)
    lcdRegData11                             0x08006d0b   Data          11  otm8009a.o(.constdata)
    lcdRegData12                             0x08006d16   Data          16  otm8009a.o(.constdata)
    lcdRegData13                             0x08006d26   Data          16  otm8009a.o(.constdata)
    lcdRegData14                             0x08006d36   Data          11  otm8009a.o(.constdata)
    lcdRegData15                             0x08006d41   Data          16  otm8009a.o(.constdata)
    lcdRegData16                             0x08006d51   Data          16  otm8009a.o(.constdata)
    lcdRegData17                             0x08006d61   Data          11  otm8009a.o(.constdata)
    lcdRegData18                             0x08006d6c   Data          11  otm8009a.o(.constdata)
    lcdRegData19                             0x08006d77   Data          11  otm8009a.o(.constdata)
    lcdRegData20                             0x08006d82   Data          16  otm8009a.o(.constdata)
    lcdRegData21                             0x08006d92   Data          16  otm8009a.o(.constdata)
    lcdRegData22                             0x08006da2   Data          11  otm8009a.o(.constdata)
    lcdRegData23                             0x08006dad   Data          16  otm8009a.o(.constdata)
    lcdRegData24                             0x08006dbd   Data          16  otm8009a.o(.constdata)
    Region$$Table$$Base                      0x08006dd0   Number         0  anon$$obj.o(Region$$Table)
    Region$$Table$$Limit                     0x08006df0   Number         0  anon$$obj.o(Region$$Table)
    BUTTON_PORT                              0x20000000   Data           4  stm32469i_discovery.o(.data)
    GPIO_PIN                                 0x20000004   Data          16  stm32469i_discovery.o(.data)
    GPIO_PORT                                0x20000014   Data          16  stm32469i_discovery.o(.data)
    lcd_x_size                               0x20000024   Data           4  stm32469i_discovery_lcd.o(.data)
    lcd_y_size                               0x20000028   Data           4  stm32469i_discovery_lcd.o(.data)
    Font24                                   0x20000030   Data           8  stm32469i_discovery_lcd.o(.data)
    count                                    0x2000003c   Data           4  main.o(.data)
    vsyncStatus                              0x20000040   Data           4  main.o(.data)
    photoTakeTimeStart                       0x20000044   Data           4  main.o(.data)
    photoTakeTimeEnd                         0x20000048   Data           4  main.o(.data)
    photoTakeTimeElapse                      0x2000004c   Data           4  main.o(.data)
    uwTickFreq                               0x20000058   Data           1  stm32f4xx_hal.o(.data)
    uwTickPrio                               0x2000005c   Data           4  stm32f4xx_hal.o(.data)
    uwTick                                   0x20000060   Data           4  stm32f4xx_hal.o(.data)
    SystemCoreClock                          0x20000064   Data           4  system_stm32f4xx.o(.data)
    __stdout                                 0x20000068   Data           4  stdout.o(.data)
    hdma2d_eval                              0x20000114   Data          64  stm32469i_discovery_lcd.o(.bss)
    hltdc_eval                               0x20000154   Data         168  stm32469i_discovery_lcd.o(.bss)
    hdsi_eval                                0x200001fc   Data          28  stm32469i_discovery_lcd.o(.bss)
    hdma2d                                   0x20000350   Data          64  main.o(.bss)
    hdsi                                     0x20000390   Data          28  main.o(.bss)
    hi2c1                                    0x200003ac   Data          84  main.o(.bss)
    hltdc                                    0x20000400   Data         168  main.o(.bss)
    huart3                                   0x200004a8   Data          64  main.o(.bss)
    hsdram1                                  0x200004e8   Data          52  main.o(.bss)
    __initial_sp                             0x20000920   Data           0  startup_stm32f469xx.o(STACK)



==============================================================================

Memory Map of the image

  Image Entry point : 0x080001b5

  Load Region LR_IROM1 (Base: 0x08000000, Size: 0x00006e5c, Max: 0x00200000, ABSOLUTE)

    Execution Region ER_IROM1 (Exec base: 0x08000000, Load base: 0x08000000, Size: 0x00006df0, Max: 0x00200000, ABSOLUTE)

    Exec Addr    Load Addr    Size         Type   Attr      Idx    E Section Name        Object

    0x08000000   0x08000000   0x000001b4   Data   RO            3    RESET               startup_stm32f469xx.o
    0x080001b4   0x080001b4   0x00000000   Code   RO         4099  * .ARM.Collect$$$$00000000  mc_w.l(entry.o)
    0x080001b4   0x080001b4   0x00000004   Code   RO         4369    .ARM.Collect$$$$00000001  mc_w.l(entry2.o)
    0x080001b8   0x080001b8   0x00000004   Code   RO         4372    .ARM.Collect$$$$00000004  mc_w.l(entry5.o)
    0x080001bc   0x080001bc   0x00000000   Code   RO         4374    .ARM.Collect$$$$00000008  mc_w.l(entry7b.o)
    0x080001bc   0x080001bc   0x00000000   Code   RO         4376    .ARM.Collect$$$$0000000A  mc_w.l(entry8b.o)
    0x080001bc   0x080001bc   0x00000008   Code   RO         4377    .ARM.Collect$$$$0000000B  mc_w.l(entry9a.o)
    0x080001c4   0x080001c4   0x00000000   Code   RO         4379    .ARM.Collect$$$$0000000D  mc_w.l(entry10a.o)
    0x080001c4   0x080001c4   0x00000000   Code   RO         4381    .ARM.Collect$$$$0000000F  mc_w.l(entry11a.o)
    0x080001c4   0x080001c4   0x00000004   Code   RO         4370    .ARM.Collect$$$$00002712  mc_w.l(entry2.o)
    0x080001c8   0x080001c8   0x00000024   Code   RO            4    .text               startup_stm32f469xx.o
    0x080001ec   0x080001ec   0x00000062   Code   RO         4102    .text               mc_w.l(uldiv.o)
    0x0800024e   0x0800024e   0x00000024   Code   RO         4104    .text               mc_w.l(memcpya.o)
    0x08000272   0x08000272   0x0000001e   Code   RO         4386    .text               mc_w.l(llshl.o)
    0x08000290   0x08000290   0x00000020   Code   RO         4388    .text               mc_w.l(llushr.o)
    0x080002b0   0x080002b0   0x00000024   Code   RO         4401    .text               mc_w.l(init.o)
    0x080002d4   0x080002d4   0x00000030   Code   RO          213    i.BSP_LCD_Clear     stm32469i_discovery_lcd.o
    0x08000304   0x08000304   0x0000002c   Code   RO          227    i.BSP_LCD_DrawPixel  stm32469i_discovery_lcd.o
    0x08000330   0x08000330   0x00000006   Code   RO          240    i.BSP_LCD_Init      stm32469i_discovery_lcd.o
    0x08000336   0x08000336   0x00000002   PAD
    0x08000338   0x08000338   0x00000198   Code   RO          241    i.BSP_LCD_InitEx    stm32469i_discovery_lcd.o
    0x080004d0   0x080004d0   0x00000070   Code   RO          244    i.BSP_LCD_LayerDefaultInit  stm32469i_discovery_lcd.o
    0x08000540   0x08000540   0x000000a8   Code   RO          246    i.BSP_LCD_MspInit   stm32469i_discovery_lcd.o
    0x080005e8   0x080005e8   0x0000005c   Code   RO          248    i.BSP_LCD_Reset     stm32469i_discovery_lcd.o
    0x08000644   0x08000644   0x0000000c   Code   RO          250    i.BSP_LCD_SelectLayer  stm32469i_discovery_lcd.o
    0x08000650   0x08000650   0x0000001c   Code   RO          253    i.BSP_LCD_SetFont   stm32469i_discovery_lcd.o
    0x0800066c   0x0800066c   0x00000088   Code   RO           15    i.BSP_LED_Init      stm32469i_discovery.o
    0x080006f4   0x080006f4   0x00000020   Code   RO           18    i.BSP_LED_Toggle    stm32469i_discovery.o
    0x08000714   0x08000714   0x00000078   Code   RO          585    i.BSP_SDRAM_Init    stm32469i_discovery_sdram.o
    0x0800078c   0x0800078c   0x0000008c   Code   RO          586    i.BSP_SDRAM_Initialization_sequence  stm32469i_discovery_sdram.o
    0x08000818   0x08000818   0x00000188   Code   RO          588    i.BSP_SDRAM_MspInit  stm32469i_discovery_sdram.o
    0x080009a0   0x080009a0   0x00000096   Code   RO          933    i.DMA2D_SetConfig   stm32f4xx_hal_dma2d.o
    0x08000a36   0x08000a36   0x00000002   PAD
    0x08000a38   0x08000a38   0x00000028   Code   RO         3317    i.DMA_CalcBaseAndBitshift  stm32f4xx_hal_dma.o
    0x08000a60   0x08000a60   0x00000054   Code   RO         3318    i.DMA_CheckFifoParam  stm32f4xx_hal_dma.o
    0x08000ab4   0x08000ab4   0x00000014   Code   RO         1130    i.DSI_ConfigPacketHeader  stm32f4xx_hal_dsi.o
    0x08000ac8   0x08000ac8   0x00000030   Code   RO          261    i.DSI_IO_WriteCmd   stm32469i_discovery_lcd.o
    0x08000af8   0x08000af8   0x00000006   Code   RO          779    i.EXTI1_IRQHandler  stm32f4xx_it.o
    0x08000afe   0x08000afe   0x00000050   Code   RO         1420    i.FMC_SDRAM_Init    stm32f4xx_ll_fmc.o
    0x08000b4e   0x08000b4e   0x0000000c   Code   RO         1421    i.FMC_SDRAM_ProgramRefreshRate  stm32f4xx_ll_fmc.o
    0x08000b5a   0x08000b5a   0x00000048   Code   RO         1422    i.FMC_SDRAM_SendCommand  stm32f4xx_ll_fmc.o
    0x08000ba2   0x08000ba2   0x00000002   PAD
    0x08000ba4   0x08000ba4   0x00000080   Code   RO         1424    i.FMC_SDRAM_Timing_Init  stm32f4xx_ll_fmc.o
    0x08000c24   0x08000c24   0x000000a8   Code   RO          945    i.HAL_DMA2D_ConfigLayer  stm32f4xx_hal_dma2d.o
    0x08000ccc   0x08000ccc   0x0000005a   Code   RO          953    i.HAL_DMA2D_Init    stm32f4xx_hal_dma2d.o
    0x08000d26   0x08000d26   0x00000002   PAD
    0x08000d28   0x08000d28   0x00000028   Code   RO          826    i.HAL_DMA2D_MspInit  stm32f4xx_hal_msp.o
    0x08000d50   0x08000d50   0x0000010c   Code   RO          957    i.HAL_DMA2D_PollForTransfer  stm32f4xx_hal_dma2d.o
    0x08000e5c   0x08000e5c   0x00000034   Code   RO          960    i.HAL_DMA2D_Start   stm32f4xx_hal_dma2d.o
    0x08000e90   0x08000e90   0x00000024   Code   RO         3321    i.HAL_DMA_Abort_IT  stm32f4xx_hal_dma.o
    0x08000eb4   0x08000eb4   0x00000056   Code   RO         3322    i.HAL_DMA_DeInit    stm32f4xx_hal_dma.o
    0x08000f0a   0x08000f0a   0x00000002   PAD
    0x08000f0c   0x08000f0c   0x000000d4   Code   RO         3326    i.HAL_DMA_Init      stm32f4xx_hal_dma.o
    0x08000fe0   0x08000fe0   0x000000c8   Code   RO         1134    i.HAL_DSI_ConfigErrorMonitor  stm32f4xx_hal_dsi.o
    0x080010a8   0x080010a8   0x00000028   Code   RO         1135    i.HAL_DSI_ConfigFlowControl  stm32f4xx_hal_dsi.o
    0x080010d0   0x080010d0   0x000000e2   Code   RO         1136    i.HAL_DSI_ConfigHostTimeouts  stm32f4xx_hal_dsi.o
    0x080011b2   0x080011b2   0x0000007a   Code   RO         1137    i.HAL_DSI_ConfigPhyTimer  stm32f4xx_hal_dsi.o
    0x0800122c   0x0800122c   0x00000256   Code   RO         1138    i.HAL_DSI_ConfigVideoMode  stm32f4xx_hal_dsi.o
    0x08001482   0x08001482   0x0000008a   Code   RO         1139    i.HAL_DSI_DeInit    stm32f4xx_hal_dsi.o
    0x0800150c   0x0800150c   0x00000170   Code   RO         1152    i.HAL_DSI_Init      stm32f4xx_hal_dsi.o
    0x0800167c   0x0800167c   0x000000c2   Code   RO         1153    i.HAL_DSI_LongWrite  stm32f4xx_hal_dsi.o
    0x0800173e   0x0800173e   0x00000002   PAD
    0x08001740   0x08001740   0x00000028   Code   RO          827    i.HAL_DSI_MspDeInit  stm32f4xx_hal_msp.o
    0x08001768   0x08001768   0x00000048   Code   RO          828    i.HAL_DSI_MspInit   stm32f4xx_hal_msp.o
    0x080017b0   0x080017b0   0x00000028   Code   RO         1161    i.HAL_DSI_SetGenericVCID  stm32f4xx_hal_dsi.o
    0x080017d8   0x080017d8   0x00000032   Code   RO         1163    i.HAL_DSI_SetLowPowerRXFilter  stm32f4xx_hal_dsi.o
    0x0800180a   0x0800180a   0x00000002   PAD
    0x0800180c   0x0800180c   0x0000005e   Code   RO         1168    i.HAL_DSI_ShortWrite  stm32f4xx_hal_dsi.o
    0x0800186a   0x0800186a   0x00000044   Code   RO         1170    i.HAL_DSI_Start     stm32f4xx_hal_dsi.o
    0x080018ae   0x080018ae   0x00000002   PAD
    0x080018b0   0x080018b0   0x00000024   Code   RO         3769    i.HAL_Delay         stm32f4xx_hal.o
    0x080018d4   0x080018d4   0x00000108   Code   RO          830    i.HAL_FMC_MspInit   stm32f4xx_hal_msp.o
    0x080019dc   0x080019dc   0x00000170   Code   RO         3210    i.HAL_GPIO_DeInit   stm32f4xx_hal_gpio.o
    0x08001b4c   0x08001b4c   0x00000048   Code   RO          670    i.HAL_GPIO_EXTI_Callback  main.o
    0x08001b94   0x08001b94   0x00000018   Code   RO         3212    i.HAL_GPIO_EXTI_IRQHandler  stm32f4xx_hal_gpio.o
    0x08001bac   0x08001bac   0x000001cc   Code   RO         3213    i.HAL_GPIO_Init     stm32f4xx_hal_gpio.o
    0x08001d78   0x08001d78   0x0000000a   Code   RO         3215    i.HAL_GPIO_ReadPin  stm32f4xx_hal_gpio.o
    0x08001d82   0x08001d82   0x00000008   Code   RO         3216    i.HAL_GPIO_TogglePin  stm32f4xx_hal_gpio.o
    0x08001d8a   0x08001d8a   0x0000000a   Code   RO         3217    i.HAL_GPIO_WritePin  stm32f4xx_hal_gpio.o
    0x08001d94   0x08001d94   0x0000000c   Code   RO         3777    i.HAL_GetTick       stm32f4xx_hal.o
    0x08001da0   0x08001da0   0x00000002   Code   RO         1711    i.HAL_I2C_AbortCpltCallback  stm32f4xx_hal_i2c.o
    0x08001da2   0x08001da2   0x00000002   Code   RO         1712    i.HAL_I2C_AddrCallback  stm32f4xx_hal_i2c.o
    0x08001da4   0x08001da4   0x000001f0   Code   RO         1716    i.HAL_I2C_EV_IRQHandler  stm32f4xx_hal_i2c.o
    0x08001f94   0x08001f94   0x00000002   Code   RO         1718    i.HAL_I2C_ErrorCallback  stm32f4xx_hal_i2c.o
    0x08001f96   0x08001f96   0x00000002   PAD
    0x08001f98   0x08001f98   0x00000108   Code   RO         1722    i.HAL_I2C_Init      stm32f4xx_hal_i2c.o
    0x080020a0   0x080020a0   0x00000002   Code   RO         1724    i.HAL_I2C_ListenCpltCallback  stm32f4xx_hal_i2c.o
    0x080020a2   0x080020a2   0x00000002   Code   RO         1725    i.HAL_I2C_MasterRxCpltCallback  stm32f4xx_hal_i2c.o
    0x080020a4   0x080020a4   0x00000002   Code   RO         1726    i.HAL_I2C_MasterTxCpltCallback  stm32f4xx_hal_i2c.o
    0x080020a6   0x080020a6   0x00000002   Code   RO         1736    i.HAL_I2C_MemRxCpltCallback  stm32f4xx_hal_i2c.o
    0x080020a8   0x080020a8   0x00000002   Code   RO         1737    i.HAL_I2C_MemTxCpltCallback  stm32f4xx_hal_i2c.o
    0x080020aa   0x080020aa   0x00000002   PAD
    0x080020ac   0x080020ac   0x0000005c   Code   RO          832    i.HAL_I2C_MspInit   stm32f4xx_hal_msp.o
    0x08002108   0x08002108   0x00000002   Code   RO         1746    i.HAL_I2C_SlaveRxCpltCallback  stm32f4xx_hal_i2c.o
    0x0800210a   0x0800210a   0x00000002   Code   RO         1747    i.HAL_I2C_SlaveTxCpltCallback  stm32f4xx_hal_i2c.o
    0x0800210c   0x0800210c   0x00000010   Code   RO         3781    i.HAL_IncTick       stm32f4xx_hal.o
    0x0800211c   0x0800211c   0x00000034   Code   RO         3782    i.HAL_Init          stm32f4xx_hal.o
    0x08002150   0x08002150   0x00000040   Code   RO         3783    i.HAL_InitTick      stm32f4xx_hal.o
    0x08002190   0x08002190   0x0000005a   Code   RO         2397    i.HAL_LTDCEx_StructInitFromVideoConfig  stm32f4xx_hal_ltdc_ex.o
    0x080021ea   0x080021ea   0x00000052   Code   RO         2142    i.HAL_LTDC_ConfigLayer  stm32f4xx_hal_ltdc.o
    0x0800223c   0x0800223c   0x000000f4   Code   RO         2159    i.HAL_LTDC_Init     stm32f4xx_hal_ltdc.o
    0x08002330   0x08002330   0x00000028   Code   RO          834    i.HAL_LTDC_MspInit  stm32f4xx_hal_msp.o
    0x08002358   0x08002358   0x00000084   Code   RO          835    i.HAL_MspInit       stm32f4xx_hal_msp.o
    0x080023dc   0x080023dc   0x00000016   Code   RO         3632    i.HAL_NVIC_EnableIRQ  stm32f4xx_hal_cortex.o
    0x080023f2   0x080023f2   0x00000002   PAD
    0x080023f4   0x080023f4   0x00000040   Code   RO         3638    i.HAL_NVIC_SetPriority  stm32f4xx_hal_cortex.o
    0x08002434   0x08002434   0x00000024   Code   RO         3639    i.HAL_NVIC_SetPriorityGrouping  stm32f4xx_hal_cortex.o
    0x08002458   0x08002458   0x00000070   Code   RO         3549    i.HAL_PWREx_EnableOverDrive  stm32f4xx_hal_pwr_ex.o
    0x080024c8   0x080024c8   0x000002e8   Code   RO         2896    i.HAL_RCCEx_PeriphCLKConfig  stm32f4xx_hal_rcc_ex.o
    0x080027b0   0x080027b0   0x00000130   Code   RO         2789    i.HAL_RCC_ClockConfig  stm32f4xx_hal_rcc.o
    0x080028e0   0x080028e0   0x0000000c   Code   RO         2794    i.HAL_RCC_GetHCLKFreq  stm32f4xx_hal_rcc.o
    0x080028ec   0x080028ec   0x00000020   Code   RO         2796    i.HAL_RCC_GetPCLK1Freq  stm32f4xx_hal_rcc.o
    0x0800290c   0x0800290c   0x00000020   Code   RO         2797    i.HAL_RCC_GetPCLK2Freq  stm32f4xx_hal_rcc.o
    0x0800292c   0x0800292c   0x00000060   Code   RO         2798    i.HAL_RCC_GetSysClockFreq  stm32f4xx_hal_rcc.o
    0x0800298c   0x0800298c   0x00000324   Code   RO         2900    i.HAL_RCC_OscConfig  stm32f4xx_hal_rcc_ex.o
    0x08002cb0   0x08002cb0   0x00000042   Code   RO         1561    i.HAL_SDRAM_Init    stm32f4xx_hal_sdram.o
    0x08002cf2   0x08002cf2   0x00000004   Code   RO          837    i.HAL_SDRAM_MspInit  stm32f4xx_hal_msp.o
    0x08002cf6   0x08002cf6   0x00000022   Code   RO         1564    i.HAL_SDRAM_ProgramRefreshRate  stm32f4xx_hal_sdram.o
    0x08002d18   0x08002d18   0x00000030   Code   RO         1570    i.HAL_SDRAM_SendCommand  stm32f4xx_hal_sdram.o
    0x08002d48   0x08002d48   0x00000018   Code   RO         3641    i.HAL_SYSTICK_CLKSourceConfig  stm32f4xx_hal_cortex.o
    0x08002d60   0x08002d60   0x00000002   Code   RO         3642    i.HAL_SYSTICK_Callback  stm32f4xx_hal_cortex.o
    0x08002d62   0x08002d62   0x00000028   Code   RO         3643    i.HAL_SYSTICK_Config  stm32f4xx_hal_cortex.o
    0x08002d8a   0x08002d8a   0x00000008   Code   RO         3644    i.HAL_SYSTICK_IRQHandler  stm32f4xx_hal_cortex.o
    0x08002d92   0x08002d92   0x00000002   Code   RO         2483    i.HAL_UART_ErrorCallback  stm32f4xx_hal_uart.o
    0x08002d94   0x08002d94   0x00000110   Code   RO         2486    i.HAL_UART_IRQHandler  stm32f4xx_hal_uart.o
    0x08002ea4   0x08002ea4   0x00000062   Code   RO         2487    i.HAL_UART_Init     stm32f4xx_hal_uart.o
    0x08002f06   0x08002f06   0x00000002   PAD
    0x08002f08   0x08002f08   0x0000005c   Code   RO          839    i.HAL_UART_MspInit  stm32f4xx_hal_msp.o
    0x08002f64   0x08002f64   0x00000002   Code   RO         2493    i.HAL_UART_RxCpltCallback  stm32f4xx_hal_uart.o
    0x08002f66   0x08002f66   0x000000ba   Code   RO         2495    i.HAL_UART_Transmit  stm32f4xx_hal_uart.o
    0x08003020   0x08003020   0x00000002   Code   RO         2498    i.HAL_UART_TxCpltCallback  stm32f4xx_hal_uart.o
    0x08003022   0x08003022   0x00000002   PAD
    0x08003024   0x08003024   0x0000000c   Code   RO          780    i.I2C1_EV_IRQHandler  stm32f4xx_it.o
    0x08003030   0x08003030   0x0000004e   Code   RO         1756    i.I2C_DMAAbort      stm32f4xx_hal_i2c.o
    0x0800307e   0x0800307e   0x00000002   PAD
    0x08003080   0x08003080   0x00000124   Code   RO         1759    i.I2C_ITError       stm32f4xx_hal_i2c.o
    0x080031a4   0x080031a4   0x000000be   Code   RO         1761    i.I2C_MasterReceive_BTF  stm32f4xx_hal_i2c.o
    0x08003262   0x08003262   0x00000084   Code   RO         1762    i.I2C_MasterReceive_RXNE  stm32f4xx_hal_i2c.o
    0x080032e6   0x080032e6   0x00000080   Code   RO         1765    i.I2C_MasterTransmit_BTF  stm32f4xx_hal_i2c.o
    0x08003366   0x08003366   0x00000002   PAD
    0x08003368   0x08003368   0x00000108   Code   RO         1766    i.I2C_MasterTransmit_TXE  stm32f4xx_hal_i2c.o
    0x08003470   0x08003470   0x000000f4   Code   RO         1767    i.I2C_Master_ADDR   stm32f4xx_hal_i2c.o
    0x08003564   0x08003564   0x0000005a   Code   RO         1768    i.I2C_Master_SB     stm32f4xx_hal_i2c.o
    0x080035be   0x080035be   0x00000002   PAD
    0x080035c0   0x080035c0   0x00000114   Code   RO         3984    i.I2C_ReadByte      sccb.o
    0x080036d4   0x080036d4   0x00000064   Code   RO         3985    i.I2C_SendByte      sccb.o
    0x08003738   0x08003738   0x000000dc   Code   RO         1772    i.I2C_Slave_STOPF   stm32f4xx_hal_i2c.o
    0x08003814   0x08003814   0x00000060   Code   RO         3986    i.I2C_Start         sccb.o
    0x08003874   0x08003874   0x00000050   Code   RO         3987    i.I2C_Stop          sccb.o
    0x080038c4   0x080038c4   0x00000060   Code   RO         3988    i.I2C_WaitAck       sccb.o
    0x08003924   0x08003924   0x00000040   Code   RO         3989    i.I2C_WriteByte     sccb.o
    0x08003964   0x08003964   0x0000000c   Code   RO         3990    i.I2C_delay         sccb.o
    0x08003970   0x08003970   0x00000060   Code   RO          265    i.LL_FillBuffer     stm32469i_discovery_lcd.o
    0x080039d0   0x080039d0   0x00000162   Code   RO         2178    i.LTDC_SetConfig    stm32f4xx_hal_ltdc.o
    0x08003b32   0x08003b32   0x00000002   PAD
    0x08003b34   0x08003b34   0x00000038   Code   RO          671    i.MX_DMA2D_Init     main.o
    0x08003b6c   0x08003b6c   0x000000fc   Code   RO          672    i.MX_DSIHOST_DSI_Init  main.o
    0x08003c68   0x08003c68   0x00000050   Code   RO          673    i.MX_FMC_Init       main.o
    0x08003cb8   0x08003cb8   0x000003a8   Code   RO          674    i.MX_GPIO_Init      main.o
    0x08004060   0x08004060   0x00000038   Code   RO          675    i.MX_I2C1_Init      main.o
    0x08004098   0x08004098   0x000000c8   Code   RO          676    i.MX_LTDC_Init      main.o
    0x08004160   0x08004160   0x00000020   Code   RO         3645    i.NVIC_SetPriority  stm32f4xx_hal_cortex.o
    0x08004180   0x08004180   0x00000004   Code   RO           22    i.OTM8009A_IO_Delay  stm32469i_discovery.o
    0x08004184   0x08004184   0x00000418   Code   RO         4076    i.OTM8009A_Init     otm8009a.o
    0x0800459c   0x0800459c   0x00000018   Code   RO          781    i.SysTick_Handler   stm32f4xx_it.o
    0x080045b4   0x080045b4   0x000000c0   Code   RO          677    i.SystemClock_Config  main.o
    0x08004674   0x08004674   0x00000054   Code   RO         3946    i.SystemInit        system_stm32f4xx.o
    0x080046c8   0x080046c8   0x00000010   Code   RO         2500    i.UART_DMAAbortOnError  stm32f4xx_hal_uart.o
    0x080046d8   0x080046d8   0x0000001c   Code   RO         2510    i.UART_EndRxTransfer  stm32f4xx_hal_uart.o
    0x080046f4   0x080046f4   0x0000008c   Code   RO         2512    i.UART_Receive_IT   stm32f4xx_hal_uart.o
    0x08004780   0x08004780   0x000002ac   Code   RO         2513    i.UART_SetConfig    stm32f4xx_hal_uart.o
    0x08004a2c   0x08004a2c   0x00000062   Code   RO         2514    i.UART_Transmit_IT  stm32f4xx_hal_uart.o
    0x08004a8e   0x08004a8e   0x00000064   Code   RO         2515    i.UART_WaitOnFlagUntilTimeout  stm32f4xx_hal_uart.o
    0x08004af2   0x08004af2   0x00000002   PAD
    0x08004af4   0x08004af4   0x0000000c   Code   RO          782    i.USART3_IRQHandler  stm32f4xx_it.o
    0x08004b00   0x08004b00   0x00000020   Code   RO         4241    i.__0printf$5       mc_w.l(printf5.o)
    0x08004b20   0x08004b20   0x0000000e   Code   RO         4409    i.__scatterload_copy  mc_w.l(handlers.o)
    0x08004b2e   0x08004b2e   0x00000002   Code   RO         4410    i.__scatterload_null  mc_w.l(handlers.o)
    0x08004b30   0x08004b30   0x0000000e   Code   RO         4411    i.__scatterload_zeroinit  mc_w.l(handlers.o)
    0x08004b3e   0x08004b3e   0x00000002   PAD
    0x08004b40   0x08004b40   0x000002c0   Code   RO         4248    i._printf_core      mc_w.l(printf5.o)
    0x08004e00   0x08004e00   0x00000018   Code   RO          679    i.fputc             main.o
    0x08004e18   0x08004e18   0x00000348   Code   RO          680    i.main              main.o
    0x08005160   0x08005160   0x00001ab8   Data   RO          267    .constdata          stm32469i_discovery_lcd.o
    0x08006c18   0x08006c18   0x00000008   Data   RO         3332    .constdata          stm32f4xx_hal_dma.o
    0x08006c20   0x08006c20   0x00000010   Data   RO         3947    .constdata          system_stm32f4xx.o
    0x08006c30   0x08006c30   0x00000008   Data   RO         3948    .constdata          system_stm32f4xx.o
    0x08006c38   0x08006c38   0x00000195   Data   RO         4077    .constdata          otm8009a.o
    0x08006dcd   0x08006dcd   0x00000003   PAD
    0x08006dd0   0x08006dd0   0x00000020   Data   RO         4407    Region$$Table       anon$$obj.o


    Execution Region RW_IRAM1 (Exec base: 0x20000000, Load base: 0x08006df0, Size: 0x00000920, Max: 0x00050000, ABSOLUTE)

    Exec Addr    Load Addr    Size         Type   Attr      Idx    E Section Name        Object

    0x20000000   0x08006df0   0x00000024   Data   RW           24    .data               stm32469i_discovery.o
    0x20000024   0x08006e14   0x00000014   Data   RW          272    .data               stm32469i_discovery_lcd.o
    0x20000038   0x08006e28   0x00000002   Data   RW          595    .data               stm32469i_discovery_sdram.o
    0x2000003a   0x08006e2a   0x00000002   PAD
    0x2000003c   0x08006e2c   0x00000014   Data   RW          682    .data               main.o
    0x20000050   0x08006e40   0x00000008   Data   RW          840    .data               stm32f4xx_hal_msp.o
    0x20000058   0x08006e48   0x0000000c   Data   RW         3789    .data               stm32f4xx_hal.o
    0x20000064   0x08006e54   0x00000004   Data   RW         3949    .data               system_stm32f4xx.o
    0x20000068   0x08006e58   0x00000004   Data   RW         4383    .data               mc_w.l(stdout.o)
    0x2000006c        -       0x000001c4   Zero   RW          266    .bss                stm32469i_discovery_lcd.o
    0x20000230        -       0x00000120   Zero   RW          594    .bss                stm32469i_discovery_sdram.o
    0x20000350        -       0x000001cc   Zero   RW          681    .bss                main.o
    0x2000051c   0x08006e5c   0x00000004   PAD
    0x20000520        -       0x00000400   Zero   RW            1    STACK               startup_stm32f469xx.o


==============================================================================

Image component sizes


      Code (inc. data)   RO Data    RW Data    ZI Data      Debug   Object Name

      2708        176          0         20        460       9696   main.o
      1048         12        405          0          0       5956   otm8009a.o
       724         48          0          0          0       5087   sccb.o
        36          8        436          0       1024        856   startup_stm32f469xx.o
       172         14          0         36          0     902636   stm32469i_discovery.o
      1062         96       6840         20        452      14983   stm32469i_discovery_lcd.o
       652         60          0          2        288       4234   stm32469i_discovery_sdram.o
       180         28          0         12          0       4729   stm32f4xx_hal.o
       228         14          0          0          0      32341   stm32f4xx_hal_cortex.o
       458         12          8          0          0       4415   stm32f4xx_hal_dma.o
       728          6          0          0          0       5743   stm32f4xx_hal_dma2d.o
      2158          8          0          0          0      12629   stm32f4xx_hal_dsi.o
       880        106          0          0          0       5433   stm32f4xx_hal_gpio.o
      2418         34          0          0          0      18641   stm32f4xx_hal_i2c.o
       680          6          0          0          0       2999   stm32f4xx_hal_ltdc.o
        90          0          0          0          0       1203   stm32f4xx_hal_ltdc_ex.o
       776        114          0          8          0       6260   stm32f4xx_hal_msp.o
       112         14          0          0          0       1328   stm32f4xx_hal_pwr_ex.o
       476         56          0          0          0       4296   stm32f4xx_hal_rcc.o
      1548         66          0          0          0       3292   stm32f4xx_hal_rcc_ex.o
       148          0          0          0          0       2800   stm32f4xx_hal_sdram.o
      1628         14          0          0          0       9799   stm32f4xx_hal_uart.o
        54         16          0          0          0       1946   stm32f4xx_it.o
       292          4          0          0          0       3592   stm32f4xx_ll_fmc.o
        84         18         24          4          0       1219   system_stm32f4xx.o

    ----------------------------------------------------------------------
     19376        930       7748        104       2228    1066113   Object Totals
         0          0         32          0          0          0   (incl. Generated)
        36          0          3          2          4          0   (incl. Padding)

    ----------------------------------------------------------------------

      Code (inc. data)   RO Data    RW Data    ZI Data      Debug   Library Member Name

         0          0          0          0          0          0   entry.o
         0          0          0          0          0          0   entry10a.o
         0          0          0          0          0          0   entry11a.o
         8          4          0          0          0          0   entry2.o
         4          0          0          0          0          0   entry5.o
         0          0          0          0          0          0   entry7b.o
         0          0          0          0          0          0   entry8b.o
         8          4          0          0          0          0   entry9a.o
        30          0          0          0          0          0   handlers.o
        36          8          0          0          0         68   init.o
        30          0          0          0          0         68   llshl.o
        32          0          0          0          0         68   llushr.o
        36          0          0          0          0         68   memcpya.o
       736         56          0          0          0        184   printf5.o
         0          0          0          4          0          0   stdout.o
        98          0          0          0          0         92   uldiv.o

    ----------------------------------------------------------------------
      1020         72          0          4          0        548   Library Totals
         2          0          0          0          0          0   (incl. Padding)

    ----------------------------------------------------------------------

      Code (inc. data)   RO Data    RW Data    ZI Data      Debug   Library Name

      1018         72          0          4          0        548   mc_w.l

    ----------------------------------------------------------------------
      1020         72          0          4          0        548   Library Totals

    ----------------------------------------------------------------------

==============================================================================


      Code (inc. data)   RO Data    RW Data    ZI Data      Debug   

     20396       1002       7748        108       2228    1053057   Grand Totals
     20396       1002       7748        108       2228    1053057   ELF Image Totals
     20396       1002       7748        108          0          0   ROM Totals

==============================================================================

    Total RO  Size (Code + RO Data)                28144 (  27.48kB)
    Total RW  Size (RW Data + ZI Data)              2336 (   2.28kB)
    Total ROM Size (Code + RO Data + RW Data)      28252 (  27.59kB)

==============================================================================

