<html>
<body>
<pre>
<h1>µVision Build Log</h1>
<h2>Tool Versions:</h2>
IDE-Version: £gVision V5.25.2.0
Copyright (C) 2018 ARM Ltd and ARM Germany GmbH. All rights reserved.
License Information: Ching-Cheng Wei, NCKU, LIC=V85FY-2IPAT-B1GT1-AI5E0-0CQLW-6EJ2R
 
Tool Versions:
Toolchain:       MDK-ARM Professional  Version: 5.25.2.0
Toolchain Path:  C:\Program Files (x86)\ARM\ARMCC\Bin
C Compiler:      Armcc.exe V5.06 update 6 (build 750)
Assembler:       Armasm.exe V5.06 update 6 (build 750)
Linker/Locator:  ArmLink.exe V5.06 update 6 (build 750)
Library Manager: ArmAr.exe V5.06 update 6 (build 750)
Hex Converter:   FromElf.exe V5.06 update 6 (build 750)
CPU DLL:         SARMCM3.DLL V5.25.2.0
Dialog DLL:      DCM.DLL V1.17.1.0
Target DLL:      STLink\ST-LINKIII-KEIL_SWO.dll V3.0.1.0
Dialog DLL:      TCM.DLL V1.35.1.0
 
<h2>Project:</h2>
D:\Arm Design Constest\Outcome Repo\UARTprint7\UARTprint2\MDK-ARM\UARTprint2.uvprojx
Project File Date:  08/13/2018

<h2>Output:</h2>
*** Using Compiler 'V5.06 update 6 (build 750)', folder: 'C:\Program Files (x86)\ARM\ARMCC\Bin'
Build target 'UARTprint2'
compiling OV7670.c...
compiling main.c...
../Src/main.c(235): warning:  #177-D: variable "tmpData"  was declared but never referenced
  					uint8_t tmpData = 0x00;
../Src/main.c(237): warning:  #177-D: variable "tmpDataHex"  was declared but never referenced
  					uint8_t tmpDataHex[2];
../Src/main.c(143): warning:  #177-D: variable "ContainerInHex"  was declared but never referenced
  	char ContainerInHex[2];
../Src/main.c: 3 warnings, 0 errors
linking...
Program Size: Code=20396 RO-data=7748 RW-data=108 ZI-data=2228  
FromELF: creating hex file...
"UARTprint2\UARTprint2.axf" - 0 Error(s), 3 Warning(s).

<h2>Software Packages used:</h2>

Package Vendor: ARM
                http://www.keil.com/pack/ARM.CMSIS.5.4.0.pack
                ARM.CMSIS.5.4.0
                CMSIS (Cortex Microcontroller Software Interface Standard)
   * Component: CORE Version: 5.1.2

Package Vendor: Keil
                http://www.keil.com/pack/Keil.STM32F4xx_DFP.2.13.0.pack
                Keil.STM32F4xx_DFP.2.13.0
                STMicroelectronics STM32F4 Series Device Support, Drivers and Examples

<h2>Collection of Component include folders:</h2>
  .\RTE\_UARTprint2
  C:\Program Files (x86)\ARM\PACK\ARM\CMSIS\5.4.0\CMSIS\Core\Include
  C:\Program Files (x86)\ARM\PACK\Keil\STM32F4xx_DFP\2.13.0\Drivers\CMSIS\Device\ST\STM32F4xx\Include

<h2>Collection of Component Files used:</h2>

   * Component: ARM::CMSIS:CORE:5.1.2
Build Time Elapsed:  00:00:29
</pre>
</body>
</html>
